Product: MDK-ARM Standard 5.10
Component: ARM Compiler 5.04 update 1 (build 49)
Tool: armlink [5040049]

==============================================================================

Section Cross References

    main.o(i.advertising_init) refers to memseta.o(.text) for __aeabi_memclr4
    main.o(i.advertising_init) refers to ble_advdata.o(i.ble_advdata_set) for ble_advdata_set
    main.o(i.advertising_init) refers to app_error.o(i.app_error_handler) for app_error_handler
    main.o(i.advertising_init) refers to main.o(.constdata) for .constdata
    main.o(i.advertising_init) refers to main.o(.bss) for m_nus
    main.o(i.advertising_start) refers to memseta.o(.text) for __aeabi_memclr4
    main.o(i.advertising_start) refers to app_error.o(i.app_error_handler) for app_error_handler
    main.o(i.assert_nrf_callback) refers to app_error.o(i.app_error_handler) for app_error_handler
    main.o(i.ble_evt_dispatch) refers to ble_conn_params.o(i.ble_conn_params_on_ble_evt) for ble_conn_params_on_ble_evt
    main.o(i.ble_evt_dispatch) refers to ble_nus.o(i.ble_nus_on_ble_evt) for ble_nus_on_ble_evt
    main.o(i.ble_evt_dispatch) refers to main.o(i.on_ble_evt) for on_ble_evt
    main.o(i.ble_evt_dispatch) refers to main.o(.bss) for m_nus
    main.o(i.ble_stack_init) refers to softdevice_handler.o(i.softdevice_handler_init) for softdevice_handler_init
    main.o(i.ble_stack_init) refers to app_error.o(i.app_error_handler) for app_error_handler
    main.o(i.ble_stack_init) refers to softdevice_handler.o(i.softdevice_ble_evt_handler_set) for softdevice_ble_evt_handler_set
    main.o(i.ble_stack_init) refers to main.o(.bss) for BLE_EVT_BUFFER
    main.o(i.ble_stack_init) refers to main.o(i.ble_evt_dispatch) for ble_evt_dispatch
    main.o(i.conn_params_error_handler) refers to app_error.o(i.app_error_handler) for app_error_handler
    main.o(i.conn_params_init) refers to memseta.o(.text) for __aeabi_memclr4
    main.o(i.conn_params_init) refers to ble_conn_params.o(i.ble_conn_params_init) for ble_conn_params_init
    main.o(i.conn_params_init) refers to app_error.o(i.app_error_handler) for app_error_handler
    main.o(i.conn_params_init) refers to main.o(i.on_conn_params_evt) for on_conn_params_evt
    main.o(i.conn_params_init) refers to main.o(i.conn_params_error_handler) for conn_params_error_handler
    main.o(i.cr200_uart) refers to simple_uart.o(i.simple_uart_put) for simple_uart_put
    main.o(i.cr200_uart) refers to simple_uart.o(i.simple_uart_get_with_timeout) for simple_uart_get_with_timeout
    main.o(i.cr200_uart) refers to main.o(.data) for cr200_data_index
    main.o(i.cr200_uart) refers to main.o(.bss) for cr200_data
    main.o(i.gap_params_init) refers to app_error.o(i.app_error_handler) for app_error_handler
    main.o(i.gprs_gtm900) refers to main.o(i.send_string) for send_string
    main.o(i.gprs_gtm900) refers to main.o(i.battery_start) for battery_start
    main.o(i.gprs_gtm900) refers to uidiv.o(.text) for __aeabi_uidivmod
    main.o(i.gprs_gtm900) refers to main.o(i.char_hex) for char_hex
    main.o(i.gprs_gtm900) refers to main.o(i.send_string_no_answer) for send_string_no_answer
    main.o(i.gprs_gtm900) refers to simple_uart.o(i.simple_uart_put) for simple_uart_put
    main.o(i.gprs_gtm900) refers to main.o(.bss) for rx_data
    main.o(i.gprs_gtm900) refers to main.o(.data) for send_ok
    main.o(i.main) refers to app_timer.o(i.app_timer_init) for app_timer_init
    main.o(i.main) refers to app_error.o(i.app_error_handler) for app_error_handler
    main.o(i.main) refers to app_gpiote.o(i.app_gpiote_init) for app_gpiote_init
    main.o(i.main) refers to main.o(i.ble_stack_init) for ble_stack_init
    main.o(i.main) refers to app_timer.o(i.app_timer_create) for app_timer_create
    main.o(i.main) refers to main.o(i.gap_params_init) for gap_params_init
    main.o(i.main) refers to main.o(i.services_init) for services_init
    main.o(i.main) refers to main.o(i.advertising_init) for advertising_init
    main.o(i.main) refers to main.o(i.conn_params_init) for conn_params_init
    main.o(i.main) refers to main.o(i.nrf_gpio_pin_clear) for nrf_gpio_pin_clear
    main.o(i.main) refers to main.o(i.advertising_start) for advertising_start
    main.o(i.main) refers to app_timer.o(i.app_timer_start) for app_timer_start
    main.o(i.main) refers to main.o(i.nrf_gpio_pin_set) for nrf_gpio_pin_set
    main.o(i.main) refers to simple_uart.o(i.simple_uart_config) for simple_uart_config
    main.o(i.main) refers to main.o(i.cr200_uart) for cr200_uart
    main.o(i.main) refers to nrf_delay.o(i.nrf_delay_ms) for nrf_delay_ms
    main.o(i.main) refers to main.o(i.gprs_gtm900) for gprs_gtm900
    main.o(i.main) refers to main.o(i.send_string) for send_string
    main.o(i.main) refers to main.o(i.power_manage) for power_manage
    main.o(i.main) refers to main.o(.bss) for APP_TIMER_BUF
    main.o(i.main) refers to main.o(i.weakup_timeout_handler) for weakup_timeout_handler
    main.o(i.main) refers to main.o(.data) for weakup_timer_id
    main.o(i.nus_data_handler) refers to simple_uart.o(i.simple_uart_put) for simple_uart_put
    main.o(i.nus_data_handler) refers to simple_uart.o(i.simple_uart_get_with_timeout) for simple_uart_get_with_timeout
    main.o(i.nus_data_handler) refers to ble_nus.o(i.ble_nus_string_send) for ble_nus_string_send
    main.o(i.nus_data_handler) refers to main.o(.data) for cr200_data_index
    main.o(i.nus_data_handler) refers to main.o(.bss) for cr200_data
    main.o(i.on_ble_evt) refers to main.o(i.nrf_gpio_pin_set) for nrf_gpio_pin_set
    main.o(i.on_ble_evt) refers to simple_uart.o(i.simple_uart_config) for simple_uart_config
    main.o(i.on_ble_evt) refers to main.o(i.nrf_gpio_pin_clear) for nrf_gpio_pin_clear
    main.o(i.on_ble_evt) refers to main.o(i.advertising_start) for advertising_start
    main.o(i.on_ble_evt) refers to app_error.o(i.app_error_handler) for app_error_handler
    main.o(i.on_ble_evt) refers to bsp.o(i.bsp_indication_set) for bsp_indication_set
    main.o(i.on_ble_evt) refers to bsp.o(i.bsp_buttons_enable) for bsp_buttons_enable
    main.o(i.on_ble_evt) refers to main.o(.data) for m_conn_handle
    main.o(i.on_ble_evt) refers to main.o(.bss) for s_sec_keyset
    main.o(i.on_conn_params_evt) refers to app_error.o(i.app_error_handler) for app_error_handler
    main.o(i.on_conn_params_evt) refers to main.o(.data) for m_conn_handle
    main.o(i.power_manage) refers to app_error.o(i.app_error_handler) for app_error_handler
    main.o(i.sec_params_init) refers to main.o(.data) for m_sec_params
    main.o(i.send_string) refers to simple_uart.o(i.simple_uart_get_with_timeout) for simple_uart_get_with_timeout
    main.o(i.send_string) refers to memseta.o(.text) for __aeabi_memclr4
    main.o(i.send_string) refers to simple_uart.o(i.simple_uart_put) for simple_uart_put
    main.o(i.send_string) refers to main.o(.bss) for rx_data
    main.o(i.send_string_no_answer) refers to simple_uart.o(i.simple_uart_put) for simple_uart_put
    main.o(i.services_init) refers to ble_nus.o(i.ble_nus_init) for ble_nus_init
    main.o(i.services_init) refers to app_error.o(i.app_error_handler) for app_error_handler
    main.o(i.services_init) refers to main.o(i.nus_data_handler) for nus_data_handler
    main.o(i.services_init) refers to main.o(.bss) for m_nus
    main.o(i.weakup_timeout_handler) refers to main.o(.data) for timer_counter
    bsp.o(i.bsp_button_event_handler) refers to bsp.o(.data) for m_registered_callback
    bsp.o(i.bsp_button_event_handler) refers to bsp.o(.constdata) for m_buttons_list
    bsp.o(i.bsp_button_is_pressed) refers to bsp.o(.constdata) for m_buttons_list
    bsp.o(i.bsp_buttons_enable) refers to bsp.o(.constdata) for m_buttons_list
    bsp.o(i.bsp_buttons_state_get) refers to bsp.o(.constdata) for m_buttons_list
    bsp.o(i.bsp_event_to_button_assign) refers to bsp.o(.data) for m_events_list
    bsp.o(i.bsp_indication_set) refers to bsp.o(i.bsp_led_indication) for bsp_led_indication
    bsp.o(i.bsp_indication_set) refers to bsp.o(.data) for m_indication_type
    bsp.o(i.bsp_indication_text_set) refers to bsp.o(i.bsp_indication_set) for bsp_indication_set
    bsp.o(i.bsp_init) refers to bsp.o(i.bsp_event_to_button_assign) for bsp_event_to_button_assign
    bsp.o(i.bsp_init) refers to app_button.o(i.app_button_init) for app_button_init
    bsp.o(i.bsp_init) refers to app_button.o(i.app_button_enable) for app_button_enable
    bsp.o(i.bsp_init) refers to app_timer.o(i.app_timer_create) for app_timer_create
    bsp.o(i.bsp_init) refers to bsp.o(.data) for m_app_ticks_per_100ms
    bsp.o(i.bsp_init) refers to bsp.o(.constdata) for app_buttons
    bsp.o(i.bsp_init) refers to bsp.o(i.leds_timer_handler) for leds_timer_handler
    bsp.o(i.bsp_init) refers to bsp.o(i.alert_timer_handler) for alert_timer_handler
    bsp.o(i.bsp_led_indication) refers to bsp.o(i.__ARM_common_switch8) for __ARM_common_switch8
    bsp.o(i.bsp_led_indication) refers to uidiv.o(.text) for __aeabi_uidivmod
    bsp.o(i.bsp_led_indication) refers to app_timer.o(i.app_timer_start) for app_timer_start
    bsp.o(i.bsp_led_indication) refers to app_timer.o(i.app_timer_stop) for app_timer_stop
    bsp.o(i.bsp_led_indication) refers to bsp.o(.data) for m_stable_state
    bsp.o(i.leds_timer_handler) refers to bsp.o(i.bsp_led_indication) for bsp_led_indication
    bsp.o(i.leds_timer_handler) refers to bsp.o(.data) for m_indication_type
    bsp.o(.constdata) refers to bsp.o(i.bsp_button_event_handler) for bsp_button_event_handler
    arm_startup_nrf51.o(RESET) refers to arm_startup_nrf51.o(STACK) for __initial_sp
    arm_startup_nrf51.o(RESET) refers to arm_startup_nrf51.o(.text) for Reset_Handler
    arm_startup_nrf51.o(RESET) refers to app_gpiote.o(i.GPIOTE_IRQHandler) for GPIOTE_IRQHandler
    arm_startup_nrf51.o(RESET) refers to app_timer.o(i.RTC1_IRQHandler) for RTC1_IRQHandler
    arm_startup_nrf51.o(RESET) refers to app_timer.o(i.SWI0_IRQHandler) for SWI0_IRQHandler
    arm_startup_nrf51.o(RESET) refers to softdevice_handler.o(i.SWI2_IRQHandler) for SWI2_IRQHandler
    arm_startup_nrf51.o(.text) refers to system_nrf51.o(i.SystemInit) for SystemInit
    arm_startup_nrf51.o(.text) refers to entry.o(.ARM.Collect$$$$00000000) for __main
    system_nrf51.o(i.SystemCoreClockUpdate) refers to system_nrf51.o(.data) for SystemCoreClock
    system_nrf51.o(i.SystemInit) refers to system_nrf51.o(i.is_manual_peripheral_setup_needed) for is_manual_peripheral_setup_needed
    system_nrf51.o(i.SystemInit) refers to system_nrf51.o(i.is_disabled_in_debug_needed) for is_disabled_in_debug_needed
    ble_nus.o(i.ble_nus_init) refers to ble_nus.o(i.rx_char_add) for rx_char_add
    ble_nus.o(i.ble_nus_init) refers to ble_nus.o(i.tx_char_add) for tx_char_add
    ble_nus.o(i.ble_nus_init) refers to ble_nus.o(.constdata) for .constdata
    ble_nus.o(i.ble_nus_on_ble_evt) refers to ble_nus.o(i.on_connect) for on_connect
    ble_nus.o(i.ble_nus_on_ble_evt) refers to ble_nus.o(i.on_disconnect) for on_disconnect
    ble_nus.o(i.ble_nus_on_ble_evt) refers to ble_nus.o(i.on_write) for on_write
    ble_nus.o(i.rx_char_add) refers to memseta.o(.text) for __aeabi_memclr4
    ble_nus.o(i.tx_char_add) refers to memseta.o(.text) for __aeabi_memclr4
    ble_srv_common.o(i.ble_srv_ascii_to_utf8) refers to strlen.o(.text) for strlen
    ble_srv_common.o(i.ble_srv_report_ref_encode) refers to app_error.o(i.app_error_handler) for app_error_handler
    ble_srv_common.o(i.ble_srv_report_ref_encode) refers to ble_srv_common.o(.conststring) for .conststring
    ble_advdata.o(i.adv_data_encode) refers to ble_advdata.o(i.name_encode) for name_encode
    ble_advdata.o(i.adv_data_encode) refers to ble_advdata.o(i.appearance_encode) for appearance_encode
    ble_advdata.o(i.adv_data_encode) refers to ble_advdata.o(i.tx_power_level_encode) for tx_power_level_encode
    ble_advdata.o(i.adv_data_encode) refers to ble_advdata.o(i.uuid_list_encode) for uuid_list_encode
    ble_advdata.o(i.adv_data_encode) refers to ble_advdata.o(i.conn_int_encode) for conn_int_encode
    ble_advdata.o(i.adv_data_encode) refers to ble_advdata.o(i.manuf_specific_data_encode) for manuf_specific_data_encode
    ble_advdata.o(i.adv_data_encode) refers to ble_advdata.o(i.service_data_encode) for service_data_encode
    ble_advdata.o(i.appearance_encode) refers to ble_advdata.o(i.uint16_encode) for uint16_encode
    ble_advdata.o(i.ble_advdata_set) refers to ble_advdata.o(i.advdata_check) for advdata_check
    ble_advdata.o(i.ble_advdata_set) refers to ble_advdata.o(i.adv_data_encode) for adv_data_encode
    ble_advdata.o(i.ble_advdata_set) refers to ble_advdata.o(i.srdata_check) for srdata_check
    ble_advdata.o(i.conn_int_encode) refers to ble_advdata.o(i.conn_int_check) for conn_int_check
    ble_advdata.o(i.conn_int_encode) refers to ble_advdata.o(i.uint16_encode) for uint16_encode
    ble_advdata.o(i.manuf_specific_data_encode) refers to ble_advdata.o(i.uint16_encode) for uint16_encode
    ble_advdata.o(i.manuf_specific_data_encode) refers to memcpya.o(.text) for __aeabi_memcpy
    ble_advdata.o(i.service_data_encode) refers to ble_advdata.o(i.uint16_encode) for uint16_encode
    ble_advdata.o(i.service_data_encode) refers to memcpya.o(.text) for __aeabi_memcpy
    ble_advdata.o(i.uuid_list_encode) refers to ble_advdata.o(i.uuid_list_sized_encode) for uuid_list_sized_encode
    ble_conn_params.o(i.ble_conn_params_change_conn_params) refers to memcpya.o(.text) for __aeabi_memcpy
    ble_conn_params.o(i.ble_conn_params_change_conn_params) refers to ble_conn_params.o(i.is_conn_params_ok) for is_conn_params_ok
    ble_conn_params.o(i.ble_conn_params_change_conn_params) refers to ble_conn_params.o(.data) for m_preferred_conn_params
    ble_conn_params.o(i.ble_conn_params_change_conn_params) refers to ble_conn_params.o(.bss) for m_conn_params_config
    ble_conn_params.o(i.ble_conn_params_init) refers to memcpya.o(.text) for __aeabi_memcpy4
    ble_conn_params.o(i.ble_conn_params_init) refers to app_timer.o(i.app_timer_create) for app_timer_create
    ble_conn_params.o(i.ble_conn_params_init) refers to ble_conn_params.o(.bss) for m_conn_params_config
    ble_conn_params.o(i.ble_conn_params_init) refers to ble_conn_params.o(.data) for m_change_param
    ble_conn_params.o(i.ble_conn_params_init) refers to ble_conn_params.o(i.update_timeout_handler) for update_timeout_handler
    ble_conn_params.o(i.ble_conn_params_on_ble_evt) refers to ble_conn_params.o(i.on_connect) for on_connect
    ble_conn_params.o(i.ble_conn_params_on_ble_evt) refers to ble_conn_params.o(i.on_disconnect) for on_disconnect
    ble_conn_params.o(i.ble_conn_params_on_ble_evt) refers to ble_conn_params.o(i.on_write) for on_write
    ble_conn_params.o(i.ble_conn_params_on_ble_evt) refers to ble_conn_params.o(i.on_conn_params_update) for on_conn_params_update
    ble_conn_params.o(i.ble_conn_params_stop) refers to app_timer.o(i.app_timer_stop) for app_timer_stop
    ble_conn_params.o(i.ble_conn_params_stop) refers to ble_conn_params.o(.data) for m_conn_params_timer_id
    ble_conn_params.o(i.conn_params_negotiation) refers to ble_conn_params.o(i.is_conn_params_ok) for is_conn_params_ok
    ble_conn_params.o(i.conn_params_negotiation) refers to app_timer.o(i.app_timer_start) for app_timer_start
    ble_conn_params.o(i.conn_params_negotiation) refers to ble_conn_params.o(.data) for m_current_conn_params
    ble_conn_params.o(i.conn_params_negotiation) refers to ble_conn_params.o(.bss) for m_conn_params_config
    ble_conn_params.o(i.is_conn_params_ok) refers to ble_conn_params.o(.data) for m_preferred_conn_params
    ble_conn_params.o(i.on_conn_params_update) refers to memcpya.o(.text) for __aeabi_memcpy
    ble_conn_params.o(i.on_conn_params_update) refers to ble_conn_params.o(i.conn_params_negotiation) for conn_params_negotiation
    ble_conn_params.o(i.on_conn_params_update) refers to ble_conn_params.o(.data) for m_current_conn_params
    ble_conn_params.o(i.on_connect) refers to memcpya.o(.text) for __aeabi_memcpy
    ble_conn_params.o(i.on_connect) refers to ble_conn_params.o(i.conn_params_negotiation) for conn_params_negotiation
    ble_conn_params.o(i.on_connect) refers to ble_conn_params.o(.data) for m_conn_handle
    ble_conn_params.o(i.on_connect) refers to ble_conn_params.o(.bss) for m_conn_params_config
    ble_conn_params.o(i.on_disconnect) refers to app_timer.o(i.app_timer_stop) for app_timer_stop
    ble_conn_params.o(i.on_disconnect) refers to ble_conn_params.o(.data) for m_conn_handle
    ble_conn_params.o(i.on_disconnect) refers to ble_conn_params.o(.bss) for m_conn_params_config
    ble_conn_params.o(i.on_write) refers to ble_conn_params.o(i.conn_params_negotiation) for conn_params_negotiation
    ble_conn_params.o(i.on_write) refers to app_timer.o(i.app_timer_stop) for app_timer_stop
    ble_conn_params.o(i.on_write) refers to ble_conn_params.o(.bss) for m_conn_params_config
    ble_conn_params.o(i.on_write) refers to ble_conn_params.o(.data) for m_conn_params_timer_id
    ble_conn_params.o(i.update_timeout_handler) refers to ble_conn_params.o(.data) for m_conn_handle
    ble_conn_params.o(i.update_timeout_handler) refers to ble_conn_params.o(.bss) for m_conn_params_config
    nrf_delay.o(i.nrf_delay_ms) refers to nrf_delay.o(.emb_text) for __asm___11_nrf_delay_c_532987f3__nrf_delay_us
    simple_uart.o(i.simple_uart_config) refers to simple_uart.o(i.nrf_gpio_cfg_output) for nrf_gpio_cfg_output
    simple_uart.o(i.simple_uart_config) refers to simple_uart.o(i.nrf_gpio_cfg_input) for nrf_gpio_cfg_input
    simple_uart.o(i.simple_uart_get_with_timeout) refers to simple_uart.o(.emb_text) for __asm___13_simple_uart_c_5dda6715__nrf_delay_us
    simple_uart.o(i.simple_uart_putstring) refers to simple_uart.o(i.simple_uart_put) for simple_uart_put
    app_button.o(i.app_button_disable) refers to app_gpiote.o(i.app_gpiote_user_disable) for app_gpiote_user_disable
    app_button.o(i.app_button_disable) refers to app_timer.o(i.app_timer_stop) for app_timer_stop
    app_button.o(i.app_button_disable) refers to app_button.o(.data) for mp_buttons
    app_button.o(i.app_button_enable) refers to app_gpiote.o(i.app_gpiote_user_enable) for app_gpiote_user_enable
    app_button.o(i.app_button_enable) refers to app_button.o(.data) for mp_buttons
    app_button.o(i.app_button_init) refers to app_gpiote.o(i.app_gpiote_user_register) for app_gpiote_user_register
    app_button.o(i.app_button_init) refers to app_timer.o(i.app_timer_create) for app_timer_create
    app_button.o(i.app_button_init) refers to app_button.o(.data) for mp_buttons
    app_button.o(i.app_button_init) refers to app_button.o(i.gpiote_event_handler) for gpiote_event_handler
    app_button.o(i.app_button_init) refers to app_button.o(i.detection_delay_timeout_handler) for detection_delay_timeout_handler
    app_button.o(i.app_button_is_pushed) refers to app_gpiote.o(i.app_gpiote_pins_state_get) for app_gpiote_pins_state_get
    app_button.o(i.app_button_is_pushed) refers to app_button.o(.data) for m_button_count
    app_button.o(i.detection_delay_timeout_handler) refers to app_gpiote.o(i.app_gpiote_pins_state_get) for app_gpiote_pins_state_get
    app_button.o(i.detection_delay_timeout_handler) refers to app_button.o(i.button_handler_execute) for button_handler_execute
    app_button.o(i.detection_delay_timeout_handler) refers to app_button.o(.data) for m_gpiote_user_id
    app_button.o(i.gpiote_event_handler) refers to app_timer.o(i.app_timer_stop) for app_timer_stop
    app_button.o(i.gpiote_event_handler) refers to app_timer.o(i.app_timer_start) for app_timer_start
    app_button.o(i.gpiote_event_handler) refers to app_button.o(.data) for m_detection_delay_timer_id
    app_error.o(i.app_error_handler) refers to bsp.o(i.bsp_indication_set) for bsp_indication_set
    app_error.o(i.app_error_handler) refers to app_error.o(.data) for m_error_code
    app_gpiote.o(i.GPIOTE_IRQHandler) refers to app_gpiote.o(i.sense_level_toggle) for sense_level_toggle
    app_gpiote.o(i.GPIOTE_IRQHandler) refers to app_gpiote.o(.data) for mp_users
    app_gpiote.o(i.app_gpiote_init) refers to memseta.o(.text) for __aeabi_memclr4
    app_gpiote.o(i.app_gpiote_init) refers to app_gpiote.o(i.NVIC_SetPriority) for NVIC_SetPriority
    app_gpiote.o(i.app_gpiote_init) refers to app_gpiote.o(.data) for mp_users
    app_gpiote.o(i.app_gpiote_pins_state_get) refers to app_gpiote.o(.data) for mp_users
    app_gpiote.o(i.app_gpiote_user_disable) refers to app_gpiote.o(i.pins_sense_disable) for pins_sense_disable
    app_gpiote.o(i.app_gpiote_user_disable) refers to app_gpiote.o(.data) for mp_users
    app_gpiote.o(i.app_gpiote_user_enable) refers to app_gpiote.o(.data) for mp_users
    app_gpiote.o(i.app_gpiote_user_register) refers to app_gpiote.o(i.pins_sense_disable) for pins_sense_disable
    app_gpiote.o(i.app_gpiote_user_register) refers to app_gpiote.o(.data) for mp_users
    app_gpiote.o(i.pins_sense_disable) refers to app_gpiote.o(.data) for mp_users
    app_timer.o(i.RTC1_IRQHandler) refers to app_timer.o(i.timer_timeouts_check) for timer_timeouts_check
    app_timer.o(i.SWI0_IRQHandler) refers to app_timer.o(i.timer_list_handler) for timer_list_handler
    app_timer.o(i.app_timer_cnt_diff_compute) refers to app_timer.o(i.ticks_diff_get) for ticks_diff_get
    app_timer.o(i.app_timer_cnt_get) refers to app_timer.o(i.rtc1_counter_get) for rtc1_counter_get
    app_timer.o(i.app_timer_create) refers to app_timer.o(.data) for mp_nodes
    app_timer.o(i.app_timer_init) refers to app_timer.o(i.rtc1_stop) for rtc1_stop
    app_timer.o(i.app_timer_init) refers to app_timer.o(i.NVIC_ClearPendingIRQ) for NVIC_ClearPendingIRQ
    app_timer.o(i.app_timer_init) refers to app_timer.o(i.NVIC_SetPriority) for NVIC_SetPriority
    app_timer.o(i.app_timer_init) refers to app_timer.o(i.NVIC_EnableIRQ) for NVIC_EnableIRQ
    app_timer.o(i.app_timer_init) refers to app_timer.o(i.rtc1_init) for rtc1_init
    app_timer.o(i.app_timer_init) refers to app_timer.o(i.rtc1_counter_get) for rtc1_counter_get
    app_timer.o(i.app_timer_init) refers to app_timer.o(.data) for m_evt_schedule_func
    app_timer.o(i.app_timer_start) refers to app_timer.o(i.user_id_get) for user_id_get
    app_timer.o(i.app_timer_start) refers to app_timer.o(i.timer_start_op_schedule) for timer_start_op_schedule
    app_timer.o(i.app_timer_start) refers to app_timer.o(.data) for mp_nodes
    app_timer.o(i.app_timer_stop) refers to app_timer.o(i.user_id_get) for user_id_get
    app_timer.o(i.app_timer_stop) refers to app_timer.o(i.timer_stop_op_schedule) for timer_stop_op_schedule
    app_timer.o(i.app_timer_stop) refers to app_timer.o(.data) for mp_nodes
    app_timer.o(i.app_timer_stop_all) refers to app_timer.o(i.user_id_get) for user_id_get
    app_timer.o(i.app_timer_stop_all) refers to app_timer.o(i.timer_stop_all_op_schedule) for timer_stop_all_op_schedule
    app_timer.o(i.app_timer_stop_all) refers to app_timer.o(.data) for mp_nodes
    app_timer.o(i.compare_reg_update) refers to app_timer.o(i.rtc1_counter_get) for rtc1_counter_get
    app_timer.o(i.compare_reg_update) refers to app_timer.o(i.ticks_diff_get) for ticks_diff_get
    app_timer.o(i.compare_reg_update) refers to app_timer.o(i.rtc1_start) for rtc1_start
    app_timer.o(i.compare_reg_update) refers to app_timer.o(i.timer_timeouts_check_sched) for timer_timeouts_check_sched
    app_timer.o(i.compare_reg_update) refers to app_timer.o(i.rtc1_stop) for rtc1_stop
    app_timer.o(i.compare_reg_update) refers to app_timer.o(.data) for m_timer_id_head
    app_timer.o(i.elapsed_ticks_acquire) refers to app_timer.o(.data) for m_ticks_elapsed_q_read_ind
    app_timer.o(i.expired_timers_handler) refers to app_timer.o(.data) for m_timer_id_head
    app_timer.o(i.list_deletions_handler) refers to app_timer.o(i.timer_list_remove) for timer_list_remove
    app_timer.o(i.list_deletions_handler) refers to app_timer.o(.data) for m_timer_id_head
    app_timer.o(i.list_insertions_handler) refers to app_timer.o(i.ticks_diff_get) for ticks_diff_get
    app_timer.o(i.list_insertions_handler) refers to app_timer.o(i.timer_list_insert) for timer_list_insert
    app_timer.o(i.list_insertions_handler) refers to app_timer.o(.data) for m_timer_id_head
    app_timer.o(i.rtc1_init) refers to app_timer.o(i.NVIC_SetPriority) for NVIC_SetPriority
    app_timer.o(i.rtc1_start) refers to app_timer.o(i.NVIC_ClearPendingIRQ) for NVIC_ClearPendingIRQ
    app_timer.o(i.rtc1_start) refers to app_timer.o(i.NVIC_EnableIRQ) for NVIC_EnableIRQ
    app_timer.o(i.rtc1_start) refers to app_timer.o(.emb_text) for __asm___11_app_timer_c_cd27f9c3__nrf_delay_us
    app_timer.o(i.rtc1_start) refers to app_timer.o(.data) for m_rtc1_running
    app_timer.o(i.rtc1_stop) refers to app_timer.o(.emb_text) for __asm___11_app_timer_c_cd27f9c3__nrf_delay_us
    app_timer.o(i.rtc1_stop) refers to app_timer.o(.data) for m_ticks_latest
    app_timer.o(i.timeout_handler_exec) refers to app_error.o(i.app_error_handler) for app_error_handler
    app_timer.o(i.timeout_handler_exec) refers to app_timer.o(.data) for m_evt_schedule_func
    app_timer.o(i.timer_list_handler) refers to app_timer.o(i.elapsed_ticks_acquire) for elapsed_ticks_acquire
    app_timer.o(i.timer_list_handler) refers to app_timer.o(i.list_deletions_handler) for list_deletions_handler
    app_timer.o(i.timer_list_handler) refers to app_timer.o(i.expired_timers_handler) for expired_timers_handler
    app_timer.o(i.timer_list_handler) refers to app_timer.o(i.list_insertions_handler) for list_insertions_handler
    app_timer.o(i.timer_list_handler) refers to app_timer.o(i.compare_reg_update) for compare_reg_update
    app_timer.o(i.timer_list_handler) refers to app_timer.o(.data) for m_ticks_latest
    app_timer.o(i.timer_list_handler_sched) refers to app_timer.o(i.NVIC_SetPendingIRQ) for NVIC_SetPendingIRQ
    app_timer.o(i.timer_list_insert) refers to app_timer.o(.data) for mp_nodes
    app_timer.o(i.timer_list_remove) refers to app_timer.o(.data) for m_timer_id_head
    app_timer.o(i.timer_start_op_schedule) refers to app_timer.o(i.user_op_alloc) for user_op_alloc
    app_timer.o(i.timer_start_op_schedule) refers to app_timer.o(i.rtc1_counter_get) for rtc1_counter_get
    app_timer.o(i.timer_start_op_schedule) refers to app_timer.o(i.user_op_enque) for user_op_enque
    app_timer.o(i.timer_start_op_schedule) refers to app_timer.o(i.timer_list_handler_sched) for timer_list_handler_sched
    app_timer.o(i.timer_start_op_schedule) refers to app_timer.o(.data) for mp_users
    app_timer.o(i.timer_stop_all_op_schedule) refers to app_timer.o(i.user_op_alloc) for user_op_alloc
    app_timer.o(i.timer_stop_all_op_schedule) refers to app_timer.o(i.user_op_enque) for user_op_enque
    app_timer.o(i.timer_stop_all_op_schedule) refers to app_timer.o(i.timer_list_handler_sched) for timer_list_handler_sched
    app_timer.o(i.timer_stop_all_op_schedule) refers to app_timer.o(.data) for mp_users
    app_timer.o(i.timer_stop_op_schedule) refers to app_timer.o(i.user_op_alloc) for user_op_alloc
    app_timer.o(i.timer_stop_op_schedule) refers to app_timer.o(i.user_op_enque) for user_op_enque
    app_timer.o(i.timer_stop_op_schedule) refers to app_timer.o(i.timer_list_handler_sched) for timer_list_handler_sched
    app_timer.o(i.timer_stop_op_schedule) refers to app_timer.o(.data) for mp_users
    app_timer.o(i.timer_timeouts_check) refers to app_timer.o(i.rtc1_counter_get) for rtc1_counter_get
    app_timer.o(i.timer_timeouts_check) refers to app_timer.o(i.ticks_diff_get) for ticks_diff_get
    app_timer.o(i.timer_timeouts_check) refers to app_timer.o(i.timeout_handler_exec) for timeout_handler_exec
    app_timer.o(i.timer_timeouts_check) refers to app_timer.o(i.timer_list_handler_sched) for timer_list_handler_sched
    app_timer.o(i.timer_timeouts_check) refers to app_timer.o(.data) for m_timer_id_head
    app_timer.o(i.timer_timeouts_check_sched) refers to app_timer.o(i.NVIC_SetPendingIRQ) for NVIC_SetPendingIRQ
    app_timer.o(i.user_id_get) refers to app_timer.o(i.current_int_priority_get) for current_int_priority_get
    softdevice_handler.o(i.SWI2_IRQHandler) refers to app_error.o(i.app_error_handler) for app_error_handler
    softdevice_handler.o(i.SWI2_IRQHandler) refers to softdevice_handler.o(i.intern_softdevice_events_execute) for intern_softdevice_events_execute
    softdevice_handler.o(i.SWI2_IRQHandler) refers to softdevice_handler.o(.data) for m_evt_schedule_func
    softdevice_handler.o(i.intern_softdevice_events_execute) refers to app_error.o(i.app_error_handler) for app_error_handler
    softdevice_handler.o(i.intern_softdevice_events_execute) refers to softdevice_handler.o(.data) for m_softdevice_enabled
    softdevice_handler.o(i.softdevice_assertion_handler) refers (Weak) to main.o(i.assert_nrf_callback) for assert_nrf_callback
    softdevice_handler.o(i.softdevice_ble_evt_handler_set) refers to softdevice_handler.o(.data) for m_ble_evt_handler
    softdevice_handler.o(i.softdevice_handler_init) refers to softdevice_handler.o(.data) for mp_ble_evt_buffer
    softdevice_handler.o(i.softdevice_handler_init) refers to softdevice_handler.o(i.softdevice_assertion_handler) for softdevice_assertion_handler
    softdevice_handler.o(i.softdevice_handler_sd_disable) refers to softdevice_handler.o(.data) for m_softdevice_enabled
    softdevice_handler.o(i.softdevice_sys_evt_handler_set) refers to softdevice_handler.o(.data) for m_sys_evt_handler
    entry.o(.ARM.Collect$$$$00000000) refers (Special) to entry10a.o(.ARM.Collect$$$$0000000D) for __rt_final_cpp
    entry.o(.ARM.Collect$$$$00000000) refers (Special) to entry11a.o(.ARM.Collect$$$$0000000F) for __rt_final_exit
    entry.o(.ARM.Collect$$$$00000000) refers (Special) to entry7b.o(.ARM.Collect$$$$00000008) for _main_clock
    entry.o(.ARM.Collect$$$$00000000) refers (Special) to entry8b.o(.ARM.Collect$$$$0000000A) for _main_cpp_init
    entry.o(.ARM.Collect$$$$00000000) refers (Special) to entry9a.o(.ARM.Collect$$$$0000000B) for _main_init
    entry.o(.ARM.Collect$$$$00000000) refers (Special) to entry5.o(.ARM.Collect$$$$00000004) for _main_scatterload
    entry.o(.ARM.Collect$$$$00000000) refers (Special) to entry2.o(.ARM.Collect$$$$00000001) for _main_stk
    entry2.o(.ARM.Collect$$$$00000001) refers to entry2.o(.ARM.Collect$$$$00002712) for __lit__00000000
    entry2.o(.ARM.Collect$$$$00002712) refers to arm_startup_nrf51.o(STACK) for __initial_sp
    entry2.o(__vectab_stack_and_reset_area) refers to arm_startup_nrf51.o(STACK) for __initial_sp
    entry2.o(__vectab_stack_and_reset_area) refers to entry.o(.ARM.Collect$$$$00000000) for __main
    entry5.o(.ARM.Collect$$$$00000004) refers to init.o(.text) for __scatterload
    entry9a.o(.ARM.Collect$$$$0000000B) refers to main.o(i.main) for main
    entry9b.o(.ARM.Collect$$$$0000000C) refers to main.o(i.main) for main
    init.o(.text) refers to entry5.o(.ARM.Collect$$$$00000004) for __main_after_scatterload


==============================================================================

Removing Unused input sections from the image.

    Removing main.o(.rev16_text), (4 bytes).
    Removing main.o(.revsh_text), (4 bytes).
    Removing main.o(i.assert_nrf_callback), (24 bytes).
    Removing main.o(i.sec_params_init), (68 bytes).
    Removing bsp.o(.rev16_text), (4 bytes).
    Removing bsp.o(.revsh_text), (4 bytes).
    Removing bsp.o(i.alert_timer_handler), (36 bytes).
    Removing bsp.o(i.bsp_button_is_pressed), (56 bytes).
    Removing bsp.o(i.bsp_buttons_state_get), (64 bytes).
    Removing bsp.o(i.bsp_event_to_button_assign), (24 bytes).
    Removing bsp.o(i.bsp_indication_text_set), (18 bytes).
    Removing bsp.o(i.bsp_init), (188 bytes).
    Removing bsp.o(i.leds_timer_handler), (36 bytes).
    Removing arm_startup_nrf51.o(HEAP), (2048 bytes).
    Removing system_nrf51.o(.rev16_text), (4 bytes).
    Removing system_nrf51.o(.revsh_text), (4 bytes).
    Removing system_nrf51.o(i.SystemCoreClockUpdate), (16 bytes).
    Removing ble_srv_common.o(i.ble_srv_ascii_to_utf8), (18 bytes).
    Removing ble_srv_common.o(i.ble_srv_report_ref_encode), (64 bytes).
    Removing ble_srv_common.o(.conststring), (78 bytes).
    Removing ble_conn_params.o(i.ble_conn_params_change_conn_params), (112 bytes).
    Removing ble_conn_params.o(i.ble_conn_params_stop), (16 bytes).
    Removing nrf_delay.o(.rev16_text), (4 bytes).
    Removing nrf_delay.o(.revsh_text), (4 bytes).
    Removing simple_uart.o(.rev16_text), (4 bytes).
    Removing simple_uart.o(.revsh_text), (4 bytes).
    Removing simple_uart.o(i.simple_uart_get), (32 bytes).
    Removing simple_uart.o(i.simple_uart_putstring), (32 bytes).
    Removing app_button.o(.rev16_text), (4 bytes).
    Removing app_button.o(.revsh_text), (4 bytes).
    Removing app_button.o(i.app_button_disable), (56 bytes).
    Removing app_button.o(i.app_button_enable), (32 bytes).
    Removing app_button.o(i.app_button_init), (152 bytes).
    Removing app_button.o(i.app_button_is_pushed), (136 bytes).
    Removing app_button.o(i.button_handler_execute), (32 bytes).
    Removing app_button.o(i.detection_delay_timeout_handler), (160 bytes).
    Removing app_button.o(i.gpiote_event_handler), (64 bytes).
    Removing app_button.o(.data), (28 bytes).
    Removing app_error.o(.rev16_text), (4 bytes).
    Removing app_error.o(.revsh_text), (4 bytes).
    Removing app_gpiote.o(.rev16_text), (4 bytes).
    Removing app_gpiote.o(.revsh_text), (4 bytes).
    Removing app_gpiote.o(i.app_gpiote_pins_state_get), (64 bytes).
    Removing app_gpiote.o(i.app_gpiote_user_disable), (84 bytes).
    Removing app_gpiote.o(i.app_gpiote_user_enable), (252 bytes).
    Removing app_gpiote.o(i.app_gpiote_user_register), (152 bytes).
    Removing app_gpiote.o(i.pins_sense_disable), (104 bytes).
    Removing app_timer.o(.rev16_text), (4 bytes).
    Removing app_timer.o(.revsh_text), (4 bytes).
    Removing app_timer.o(i.app_timer_cnt_diff_compute), (22 bytes).
    Removing app_timer.o(i.app_timer_cnt_get), (14 bytes).
    Removing app_timer.o(i.app_timer_stop_all), (32 bytes).
    Removing app_timer.o(i.timer_stop_all_op_schedule), (64 bytes).
    Removing softdevice_handler.o(.rev16_text), (4 bytes).
    Removing softdevice_handler.o(.revsh_text), (4 bytes).
    Removing softdevice_handler.o(i.softdevice_handler_sd_disable), (28 bytes).
    Removing softdevice_handler.o(i.softdevice_sys_evt_handler_set), (24 bytes).

57 unused section(s) (total 4510 bytes) removed from the image.

==============================================================================

Image Symbol Table

    Local Symbols

    Symbol Name                              Value     Ov Type        Size  Object(Section)

    ../clib/microlib/division.c              0x00000000   Number         0  uidiv.o ABSOLUTE
    ../clib/microlib/init/entry.s            0x00000000   Number         0  entry7b.o ABSOLUTE
    ../clib/microlib/init/entry.s            0x00000000   Number         0  entry7a.o ABSOLUTE
    ../clib/microlib/init/entry.s            0x00000000   Number         0  entry11a.o ABSOLUTE
    ../clib/microlib/init/entry.s            0x00000000   Number         0  entry.o ABSOLUTE
    ../clib/microlib/init/entry.s            0x00000000   Number         0  entry11b.o ABSOLUTE
    ../clib/microlib/init/entry.s            0x00000000   Number         0  entry8a.o ABSOLUTE
    ../clib/microlib/init/entry.s            0x00000000   Number         0  entry8b.o ABSOLUTE
    ../clib/microlib/init/entry.s            0x00000000   Number         0  entry9a.o ABSOLUTE
    ../clib/microlib/init/entry.s            0x00000000   Number         0  entry9b.o ABSOLUTE
    ../clib/microlib/init/entry.s            0x00000000   Number         0  entry2.o ABSOLUTE
    ../clib/microlib/init/entry.s            0x00000000   Number         0  entry10a.o ABSOLUTE
    ../clib/microlib/init/entry.s            0x00000000   Number         0  entry5.o ABSOLUTE
    ../clib/microlib/init/entry.s            0x00000000   Number         0  entry10b.o ABSOLUTE
    ../clib/microlib/string/memcpy.c         0x00000000   Number         0  memcpya.o ABSOLUTE
    ../clib/microlib/string/memcpy.c         0x00000000   Number         0  memcpyb.o ABSOLUTE
    ../clib/microlib/string/memset.c         0x00000000   Number         0  memseta.o ABSOLUTE
    ../clib/microlib/string/strlen.c         0x00000000   Number         0  strlen.o ABSOLUTE
    ..\..\main.c                             0x00000000   Number         0  main.o ABSOLUTE
    ..\\..\\main.c                           0x00000000   Number         0  main.o ABSOLUTE
    C:\Keil_v5\ARM\PACK\NordicSemiconductor\nRF_BLE\2.0.0\ble_services\ble_nus\ble_nus.c 0x00000000   Number         0  ble_nus.o ABSOLUTE
    C:\Keil_v5\ARM\PACK\NordicSemiconductor\nRF_BLE\2.0.0\common\ble_srv_common.c 0x00000000   Number         0  ble_srv_common.o ABSOLUTE
    C:\Keil_v5\ARM\PACK\NordicSemiconductor\nRF_Drivers\2.0.0\hal\nrf_delay.c 0x00000000   Number         0  nrf_delay.o ABSOLUTE
    C:\\Keil_v5\\ARM\\PACK\\NordicSemiconductor\\nRF_Drivers\\2.0.0\\hal\\nrf_delay.c 0x00000000   Number         0  nrf_delay.o ABSOLUTE
    RTE\Board_Support\nRF51822_xxAA\bsp.c    0x00000000   Number         0  bsp.o ABSOLUTE
    RTE\Device\nRF51822_xxAA\arm_startup_nrf51.s 0x00000000   Number         0  arm_startup_nrf51.o ABSOLUTE
    RTE\Device\nRF51822_xxAA\system_nrf51.c  0x00000000   Number         0  system_nrf51.o ABSOLUTE
    RTE\\Board_Support\\nRF51822_xxAA\\bsp.c 0x00000000   Number         0  bsp.o ABSOLUTE
    RTE\\Device\\nRF51822_xxAA\\system_nrf51.c 0x00000000   Number         0  system_nrf51.o ABSOLUTE
    RTE\\nRF_Drivers\\nRF51822_xxAA\\simple_uart.c 0x00000000   Number         0  simple_uart.o ABSOLUTE
    RTE\\nRF_Libraries\\nRF51822_xxAA\\app_button.c 0x00000000   Number         0  app_button.o ABSOLUTE
    RTE\\nRF_Libraries\\nRF51822_xxAA\\app_error.c 0x00000000   Number         0  app_error.o ABSOLUTE
    RTE\\nRF_Libraries\\nRF51822_xxAA\\app_gpiote.c 0x00000000   Number         0  app_gpiote.o ABSOLUTE
    RTE\\nRF_Libraries\\nRF51822_xxAA\\app_timer.c 0x00000000   Number         0  app_timer.o ABSOLUTE
    RTE\\nRF_SoftDevice\\nRF51822_xxAA\\softdevice_handler.c 0x00000000   Number         0  softdevice_handler.o ABSOLUTE
    RTE\nRF_BLE\nRF51822_xxAA\ble_advdata.c  0x00000000   Number         0  ble_advdata.o ABSOLUTE
    RTE\nRF_BLE\nRF51822_xxAA\ble_conn_params.c 0x00000000   Number         0  ble_conn_params.o ABSOLUTE
    RTE\nRF_Drivers\nRF51822_xxAA\simple_uart.c 0x00000000   Number         0  simple_uart.o ABSOLUTE
    RTE\nRF_Libraries\nRF51822_xxAA\app_button.c 0x00000000   Number         0  app_button.o ABSOLUTE
    RTE\nRF_Libraries\nRF51822_xxAA\app_error.c 0x00000000   Number         0  app_error.o ABSOLUTE
    RTE\nRF_Libraries\nRF51822_xxAA\app_gpiote.c 0x00000000   Number         0  app_gpiote.o ABSOLUTE
    RTE\nRF_Libraries\nRF51822_xxAA\app_timer.c 0x00000000   Number         0  app_timer.o ABSOLUTE
    RTE\nRF_SoftDevice\nRF51822_xxAA\softdevice_handler.c 0x00000000   Number         0  softdevice_handler.o ABSOLUTE
    dc.s                                     0x00000000   Number         0  dc.o ABSOLUTE
    handlers.s                               0x00000000   Number         0  handlers.o ABSOLUTE
    init.s                                   0x00000000   Number         0  init.o ABSOLUTE
    RESET                                    0x00018000   Section      192  arm_startup_nrf51.o(RESET)
    .ARM.Collect$$$$00000000                 0x000180c0   Section        0  entry.o(.ARM.Collect$$$$00000000)
    .ARM.Collect$$$$00000001                 0x000180c0   Section        4  entry2.o(.ARM.Collect$$$$00000001)
    .ARM.Collect$$$$00000004                 0x000180c4   Section        4  entry5.o(.ARM.Collect$$$$00000004)
    .ARM.Collect$$$$00000008                 0x000180c8   Section        0  entry7b.o(.ARM.Collect$$$$00000008)
    .ARM.Collect$$$$0000000A                 0x000180c8   Section        0  entry8b.o(.ARM.Collect$$$$0000000A)
    .ARM.Collect$$$$0000000B                 0x000180c8   Section        8  entry9a.o(.ARM.Collect$$$$0000000B)
    .ARM.Collect$$$$0000000D                 0x000180d0   Section        0  entry10a.o(.ARM.Collect$$$$0000000D)
    .ARM.Collect$$$$0000000F                 0x000180d0   Section        0  entry11a.o(.ARM.Collect$$$$0000000F)
    .ARM.Collect$$$$00002712                 0x000180d0   Section        4  entry2.o(.ARM.Collect$$$$00002712)
    __lit__00000000                          0x000180d0   Data           4  entry2.o(.ARM.Collect$$$$00002712)
    .emb_text                                0x000180d4   Section       30  nrf_delay.o(.emb_text)
    .emb_text                                0x000180f4   Section       30  simple_uart.o(.emb_text)
    .emb_text                                0x00018114   Section       30  app_timer.o(.emb_text)
    .text                                    0x00018134   Section       56  arm_startup_nrf51.o(.text)
    .text                                    0x0001816c   Section        0  uidiv.o(.text)
    .text                                    0x00018198   Section        0  memcpya.o(.text)
    .text                                    0x000181bc   Section        0  memseta.o(.text)
    .text                                    0x000181e0   Section       36  init.o(.text)
    i.GPIOTE_IRQHandler                      0x00018204   Section        0  app_gpiote.o(i.GPIOTE_IRQHandler)
    i.NVIC_ClearPendingIRQ                   0x000182e0   Section        0  app_timer.o(i.NVIC_ClearPendingIRQ)
    NVIC_ClearPendingIRQ                     0x000182e1   Thumb Code    14  app_timer.o(i.NVIC_ClearPendingIRQ)
    i.NVIC_EnableIRQ                         0x000182f4   Section        0  app_timer.o(i.NVIC_EnableIRQ)
    NVIC_EnableIRQ                           0x000182f5   Thumb Code    14  app_timer.o(i.NVIC_EnableIRQ)
    i.NVIC_SetPendingIRQ                     0x00018308   Section        0  app_timer.o(i.NVIC_SetPendingIRQ)
    NVIC_SetPendingIRQ                       0x00018309   Thumb Code    14  app_timer.o(i.NVIC_SetPendingIRQ)
    i.NVIC_SetPriority                       0x0001831c   Section        0  app_gpiote.o(i.NVIC_SetPriority)
    NVIC_SetPriority                         0x0001831d   Thumb Code   110  app_gpiote.o(i.NVIC_SetPriority)
    i.NVIC_SetPriority                       0x00018394   Section        0  app_timer.o(i.NVIC_SetPriority)
    NVIC_SetPriority                         0x00018395   Thumb Code   110  app_timer.o(i.NVIC_SetPriority)
    i.RTC1_IRQHandler                        0x0001840c   Section        0  app_timer.o(i.RTC1_IRQHandler)
    i.SWI0_IRQHandler                        0x00018434   Section        0  app_timer.o(i.SWI0_IRQHandler)
    i.SWI2_IRQHandler                        0x0001843c   Section        0  softdevice_handler.o(i.SWI2_IRQHandler)
    i.SystemInit                             0x000184ac   Section        0  system_nrf51.o(i.SystemInit)
    i.__ARM_common_switch8                   0x000184e4   Section        0  bsp.o(i.__ARM_common_switch8)
    i.__scatterload_copy                     0x00018500   Section       14  handlers.o(i.__scatterload_copy)
    i.__scatterload_null                     0x0001850e   Section        2  handlers.o(i.__scatterload_null)
    i.__scatterload_zeroinit                 0x00018510   Section       14  handlers.o(i.__scatterload_zeroinit)
    i.adv_data_encode                        0x0001851e   Section        0  ble_advdata.o(i.adv_data_encode)
    adv_data_encode                          0x0001851f   Thumb Code   310  ble_advdata.o(i.adv_data_encode)
    i.advdata_check                          0x00018654   Section        0  ble_advdata.o(i.advdata_check)
    advdata_check                            0x00018655   Thumb Code    20  ble_advdata.o(i.advdata_check)
    i.advertising_init                       0x00018668   Section        0  main.o(i.advertising_init)
    advertising_init                         0x00018669   Thumb Code    96  main.o(i.advertising_init)
    i.advertising_start                      0x000186e0   Section        0  main.o(i.advertising_start)
    advertising_start                        0x000186e1   Thumb Code    70  main.o(i.advertising_start)
    i.app_error_handler                      0x0001873c   Section        0  app_error.o(i.app_error_handler)
    i.app_gpiote_init                        0x00018768   Section        0  app_gpiote.o(i.app_gpiote_init)
    i.app_timer_create                       0x000187f8   Section        0  app_timer.o(i.app_timer_create)
    i.app_timer_init                         0x0001886c   Section        0  app_timer.o(i.app_timer_init)
    i.app_timer_start                        0x0001895c   Section        0  app_timer.o(i.app_timer_start)
    i.app_timer_stop                         0x000189c8   Section        0  app_timer.o(i.app_timer_stop)
    i.appearance_encode                      0x00018a0c   Section        0  ble_advdata.o(i.appearance_encode)
    appearance_encode                        0x00018a0d   Thumb Code    74  ble_advdata.o(i.appearance_encode)
    i.battery_start                          0x00018a58   Section        0  main.o(i.battery_start)
    i.ble_advdata_set                        0x00018ab8   Section        0  ble_advdata.o(i.ble_advdata_set)
    i.ble_conn_params_init                   0x00018b34   Section        0  ble_conn_params.o(i.ble_conn_params_init)
    i.ble_conn_params_on_ble_evt             0x00018bac   Section        0  ble_conn_params.o(i.ble_conn_params_on_ble_evt)
    i.ble_evt_dispatch                       0x00018bec   Section        0  main.o(i.ble_evt_dispatch)
    ble_evt_dispatch                         0x00018bed   Thumb Code    26  main.o(i.ble_evt_dispatch)
    i.ble_nus_init                           0x00018c0c   Section        0  ble_nus.o(i.ble_nus_init)
    i.ble_nus_on_ble_evt                     0x00018c90   Section        0  ble_nus.o(i.ble_nus_on_ble_evt)
    i.ble_nus_string_send                    0x00018cd8   Section        0  ble_nus.o(i.ble_nus_string_send)
    i.ble_stack_init                         0x00018d30   Section        0  main.o(i.ble_stack_init)
    ble_stack_init                           0x00018d31   Thumb Code   124  main.o(i.ble_stack_init)
    i.bsp_button_event_handler               0x00018dc4   Section        0  bsp.o(i.bsp_button_event_handler)
    bsp_button_event_handler                 0x00018dc5   Thumb Code    62  bsp.o(i.bsp_button_event_handler)
    i.bsp_buttons_enable                     0x00018e10   Section        0  bsp.o(i.bsp_buttons_enable)
    i.bsp_indication_set                     0x00018ebc   Section        0  bsp.o(i.bsp_indication_set)
    i.bsp_led_indication                     0x00018ee0   Section        0  bsp.o(i.bsp_led_indication)
    bsp_led_indication                       0x00018ee1   Thumb Code  1252  bsp.o(i.bsp_led_indication)
    i.char_hex                               0x000193cc   Section        0  main.o(i.char_hex)
    i.compare_reg_update                     0x000193e4   Section        0  app_timer.o(i.compare_reg_update)
    compare_reg_update                       0x000193e5   Thumb Code   124  app_timer.o(i.compare_reg_update)
    i.conn_int_check                         0x00019474   Section        0  ble_advdata.o(i.conn_int_check)
    conn_int_check                           0x00019475   Thumb Code    88  ble_advdata.o(i.conn_int_check)
    i.conn_int_encode                        0x000194d0   Section        0  ble_advdata.o(i.conn_int_encode)
    conn_int_encode                          0x000194d1   Thumb Code    92  ble_advdata.o(i.conn_int_encode)
    i.conn_params_error_handler              0x0001952c   Section        0  main.o(i.conn_params_error_handler)
    conn_params_error_handler                0x0001952d   Thumb Code    22  main.o(i.conn_params_error_handler)
    i.conn_params_init                       0x00019554   Section        0  main.o(i.conn_params_init)
    conn_params_init                         0x00019555   Thumb Code    86  main.o(i.conn_params_init)
    i.conn_params_negotiation                0x000195c4   Section        0  ble_conn_params.o(i.conn_params_negotiation)
    conn_params_negotiation                  0x000195c5   Thumb Code   126  ble_conn_params.o(i.conn_params_negotiation)
    i.cr200_uart                             0x00019658   Section        0  main.o(i.cr200_uart)
    i.current_int_priority_get               0x00019748   Section        0  app_timer.o(i.current_int_priority_get)
    current_int_priority_get                 0x00019749   Thumb Code    84  app_timer.o(i.current_int_priority_get)
    i.elapsed_ticks_acquire                  0x000197a4   Section        0  app_timer.o(i.elapsed_ticks_acquire)
    elapsed_ticks_acquire                    0x000197a5   Thumb Code    82  app_timer.o(i.elapsed_ticks_acquire)
    i.expired_timers_handler                 0x00019808   Section        0  app_timer.o(i.expired_timers_handler)
    expired_timers_handler                   0x00019809   Thumb Code   100  app_timer.o(i.expired_timers_handler)
    i.gap_params_init                        0x00019874   Section        0  main.o(i.gap_params_init)
    gap_params_init                          0x00019875   Thumb Code   122  main.o(i.gap_params_init)
    i.gprs_gtm900                            0x0001990c   Section        0  main.o(i.gprs_gtm900)
    i.intern_softdevice_events_execute       0x00019e5c   Section        0  softdevice_handler.o(i.intern_softdevice_events_execute)
    i.is_conn_params_ok                      0x00019f50   Section        0  ble_conn_params.o(i.is_conn_params_ok)
    is_conn_params_ok                        0x00019f51   Thumb Code    30  ble_conn_params.o(i.is_conn_params_ok)
    i.is_disabled_in_debug_needed            0x00019f74   Section        0  system_nrf51.o(i.is_disabled_in_debug_needed)
    is_disabled_in_debug_needed              0x00019f75   Thumb Code    52  system_nrf51.o(i.is_disabled_in_debug_needed)
    i.is_manual_peripheral_setup_needed      0x00019fac   Section        0  system_nrf51.o(i.is_manual_peripheral_setup_needed)
    is_manual_peripheral_setup_needed        0x00019fad   Thumb Code   104  system_nrf51.o(i.is_manual_peripheral_setup_needed)
    i.list_deletions_handler                 0x0001a018   Section        0  app_timer.o(i.list_deletions_handler)
    list_deletions_handler                   0x0001a019   Thumb Code   176  app_timer.o(i.list_deletions_handler)
    i.list_insertions_handler                0x0001a0d8   Section        0  app_timer.o(i.list_insertions_handler)
    list_insertions_handler                  0x0001a0d9   Thumb Code   276  app_timer.o(i.list_insertions_handler)
    i.main                                   0x0001a208   Section        0  main.o(i.main)
    i.manuf_specific_data_encode             0x0001a47c   Section        0  ble_advdata.o(i.manuf_specific_data_encode)
    manuf_specific_data_encode               0x0001a47d   Thumb Code   106  ble_advdata.o(i.manuf_specific_data_encode)
    i.name_encode                            0x0001a4e6   Section        0  ble_advdata.o(i.name_encode)
    name_encode                              0x0001a4e7   Thumb Code   150  ble_advdata.o(i.name_encode)
    i.nrf_delay_ms                           0x0001a57c   Section        0  nrf_delay.o(i.nrf_delay_ms)
    i.nrf_gpio_cfg_input                     0x0001a598   Section        0  simple_uart.o(i.nrf_gpio_cfg_input)
    nrf_gpio_cfg_input                       0x0001a599   Thumb Code    20  simple_uart.o(i.nrf_gpio_cfg_input)
    i.nrf_gpio_cfg_output                    0x0001a5ac   Section        0  simple_uart.o(i.nrf_gpio_cfg_output)
    nrf_gpio_cfg_output                      0x0001a5ad   Thumb Code    18  simple_uart.o(i.nrf_gpio_cfg_output)
    i.nrf_gpio_pin_clear                     0x0001a5c0   Section        0  main.o(i.nrf_gpio_pin_clear)
    nrf_gpio_pin_clear                       0x0001a5c1   Thumb Code    10  main.o(i.nrf_gpio_pin_clear)
    i.nrf_gpio_pin_set                       0x0001a5d0   Section        0  main.o(i.nrf_gpio_pin_set)
    nrf_gpio_pin_set                         0x0001a5d1   Thumb Code    10  main.o(i.nrf_gpio_pin_set)
    i.nus_data_handler                       0x0001a5e0   Section        0  main.o(i.nus_data_handler)
    nus_data_handler                         0x0001a5e1   Thumb Code   192  main.o(i.nus_data_handler)
    i.on_ble_evt                             0x0001a6a8   Section        0  main.o(i.on_ble_evt)
    on_ble_evt                               0x0001a6a9   Thumb Code   416  main.o(i.on_ble_evt)
    i.on_conn_params_evt                     0x0001a870   Section        0  main.o(i.on_conn_params_evt)
    on_conn_params_evt                       0x0001a871   Thumb Code    48  main.o(i.on_conn_params_evt)
    i.on_conn_params_update                  0x0001a8b4   Section        0  ble_conn_params.o(i.on_conn_params_update)
    on_conn_params_update                    0x0001a8b5   Thumb Code    20  ble_conn_params.o(i.on_conn_params_update)
    i.on_connect                             0x0001a8cc   Section        0  ble_nus.o(i.on_connect)
    on_connect                               0x0001a8cd   Thumb Code     6  ble_nus.o(i.on_connect)
    i.on_connect                             0x0001a8d4   Section        0  ble_conn_params.o(i.on_connect)
    on_connect                               0x0001a8d5   Thumb Code    42  ble_conn_params.o(i.on_connect)
    i.on_disconnect                          0x0001a910   Section        0  ble_nus.o(i.on_disconnect)
    on_disconnect                            0x0001a911   Thumb Code     8  ble_nus.o(i.on_disconnect)
    i.on_disconnect                          0x0001a918   Section        0  ble_conn_params.o(i.on_disconnect)
    on_disconnect                            0x0001a919   Thumb Code    50  ble_conn_params.o(i.on_disconnect)
    i.on_write                               0x0001a95c   Section        0  ble_nus.o(i.on_write)
    on_write                                 0x0001a95d   Thumb Code    84  ble_nus.o(i.on_write)
    i.on_write                               0x0001a9b0   Section        0  ble_conn_params.o(i.on_write)
    on_write                                 0x0001a9b1   Thumb Code    84  ble_conn_params.o(i.on_write)
    i.power_manage                           0x0001aa0c   Section        0  main.o(i.power_manage)
    power_manage                             0x0001aa0d   Thumb Code    34  main.o(i.power_manage)
    i.rtc1_counter_get                       0x0001aa40   Section        0  app_timer.o(i.rtc1_counter_get)
    rtc1_counter_get                         0x0001aa41   Thumb Code     6  app_timer.o(i.rtc1_counter_get)
    i.rtc1_init                              0x0001aa4c   Section        0  app_timer.o(i.rtc1_init)
    rtc1_init                                0x0001aa4d   Thumb Code    18  app_timer.o(i.rtc1_init)
    i.rtc1_start                             0x0001aa64   Section        0  app_timer.o(i.rtc1_start)
    rtc1_start                               0x0001aa65   Thumb Code    48  app_timer.o(i.rtc1_start)
    i.rtc1_stop                              0x0001aaa0   Section        0  app_timer.o(i.rtc1_stop)
    rtc1_stop                                0x0001aaa1   Thumb Code    66  app_timer.o(i.rtc1_stop)
    i.rx_char_add                            0x0001aaf8   Section        0  ble_nus.o(i.rx_char_add)
    rx_char_add                              0x0001aaf9   Thumb Code   292  ble_nus.o(i.rx_char_add)
    i.send_string                            0x0001ac1c   Section        0  main.o(i.send_string)
    i.send_string_no_answer                  0x0001ad04   Section        0  main.o(i.send_string_no_answer)
    i.sense_level_toggle                     0x0001ad1a   Section        0  app_gpiote.o(i.sense_level_toggle)
    sense_level_toggle                       0x0001ad1b   Thumb Code   128  app_gpiote.o(i.sense_level_toggle)
    i.service_data_encode                    0x0001ad9a   Section        0  ble_advdata.o(i.service_data_encode)
    service_data_encode                      0x0001ad9b   Thumb Code   140  ble_advdata.o(i.service_data_encode)
    i.services_init                          0x0001ae28   Section        0  main.o(i.services_init)
    services_init                            0x0001ae29   Thumb Code    46  main.o(i.services_init)
    i.simple_uart_config                     0x0001ae70   Section        0  simple_uart.o(i.simple_uart_config)
    i.simple_uart_get_with_timeout           0x0001aedc   Section        0  simple_uart.o(i.simple_uart_get_with_timeout)
    i.simple_uart_put                        0x0001af24   Section        0  simple_uart.o(i.simple_uart_put)
    i.softdevice_assertion_handler           0x0001af44   Section        0  softdevice_handler.o(i.softdevice_assertion_handler)
    i.softdevice_ble_evt_handler_set         0x0001af58   Section        0  softdevice_handler.o(i.softdevice_ble_evt_handler_set)
    i.softdevice_handler_init                0x0001af70   Section        0  softdevice_handler.o(i.softdevice_handler_init)
    i.srdata_check                           0x0001afd8   Section        0  ble_advdata.o(i.srdata_check)
    srdata_check                             0x0001afd9   Thumb Code    16  ble_advdata.o(i.srdata_check)
    i.ticks_diff_get                         0x0001afe8   Section        0  app_timer.o(i.ticks_diff_get)
    ticks_diff_get                           0x0001afe9   Thumb Code    10  app_timer.o(i.ticks_diff_get)
    i.timeout_handler_exec                   0x0001aff4   Section        0  app_timer.o(i.timeout_handler_exec)
    timeout_handler_exec                     0x0001aff5   Thumb Code    60  app_timer.o(i.timeout_handler_exec)
    i.timer_list_handler                     0x0001b060   Section        0  app_timer.o(i.timer_list_handler)
    timer_list_handler                       0x0001b061   Thumb Code    76  app_timer.o(i.timer_list_handler)
    i.timer_list_handler_sched               0x0001b0b8   Section        0  app_timer.o(i.timer_list_handler_sched)
    timer_list_handler_sched                 0x0001b0b9   Thumb Code    10  app_timer.o(i.timer_list_handler_sched)
    i.timer_list_insert                      0x0001b0c4   Section        0  app_timer.o(i.timer_list_insert)
    timer_list_insert                        0x0001b0c5   Thumb Code   212  app_timer.o(i.timer_list_insert)
    i.timer_list_remove                      0x0001b1a0   Section        0  app_timer.o(i.timer_list_remove)
    timer_list_remove                        0x0001b1a1   Thumb Code   184  app_timer.o(i.timer_list_remove)
    i.timer_start_op_schedule                0x0001b26c   Section        0  app_timer.o(i.timer_start_op_schedule)
    timer_start_op_schedule                  0x0001b26d   Thumb Code    80  app_timer.o(i.timer_start_op_schedule)
    i.timer_stop_op_schedule                 0x0001b2c0   Section        0  app_timer.o(i.timer_stop_op_schedule)
    timer_stop_op_schedule                   0x0001b2c1   Thumb Code    58  app_timer.o(i.timer_stop_op_schedule)
    i.timer_timeouts_check                   0x0001b300   Section        0  app_timer.o(i.timer_timeouts_check)
    timer_timeouts_check                     0x0001b301   Thumb Code   132  app_timer.o(i.timer_timeouts_check)
    i.timer_timeouts_check_sched             0x0001b39c   Section        0  app_timer.o(i.timer_timeouts_check_sched)
    timer_timeouts_check_sched               0x0001b39d   Thumb Code    10  app_timer.o(i.timer_timeouts_check_sched)
    i.tx_char_add                            0x0001b3a6   Section        0  ble_nus.o(i.tx_char_add)
    tx_char_add                              0x0001b3a7   Thumb Code   222  ble_nus.o(i.tx_char_add)
    i.tx_power_level_encode                  0x0001b484   Section        0  ble_advdata.o(i.tx_power_level_encode)
    tx_power_level_encode                    0x0001b485   Thumb Code    48  ble_advdata.o(i.tx_power_level_encode)
    i.uint16_encode                          0x0001b4b4   Section        0  ble_advdata.o(i.uint16_encode)
    uint16_encode                            0x0001b4b5   Thumb Code    18  ble_advdata.o(i.uint16_encode)
    i.update_timeout_handler                 0x0001b4c8   Section        0  ble_conn_params.o(i.update_timeout_handler)
    update_timeout_handler                   0x0001b4c9   Thumb Code   136  ble_conn_params.o(i.update_timeout_handler)
    i.user_id_get                            0x0001b564   Section        0  app_timer.o(i.user_id_get)
    user_id_get                              0x0001b565   Thumb Code    34  app_timer.o(i.user_id_get)
    i.user_op_alloc                          0x0001b586   Section        0  app_timer.o(i.user_op_alloc)
    user_op_alloc                            0x0001b587   Thumb Code    44  app_timer.o(i.user_op_alloc)
    i.user_op_enque                          0x0001b5b2   Section        0  app_timer.o(i.user_op_enque)
    user_op_enque                            0x0001b5b3   Thumb Code     4  app_timer.o(i.user_op_enque)
    i.uuid_list_encode                       0x0001b5b6   Section        0  ble_advdata.o(i.uuid_list_encode)
    uuid_list_encode                         0x0001b5b7   Thumb Code    64  ble_advdata.o(i.uuid_list_encode)
    i.uuid_list_sized_encode                 0x0001b5f6   Section        0  ble_advdata.o(i.uuid_list_sized_encode)
    uuid_list_sized_encode                   0x0001b5f7   Thumb Code   196  ble_advdata.o(i.uuid_list_sized_encode)
    i.weakup_timeout_handler                 0x0001b6bc   Section        0  main.o(i.weakup_timeout_handler)
    weakup_timeout_handler                   0x0001b6bd   Thumb Code    44  main.o(i.weakup_timeout_handler)
    .constdata                               0x0001b6f4   Section        4  main.o(.constdata)
    .constdata                               0x0001b6f8   Section       48  bsp.o(.constdata)
    m_buttons_list                           0x0001b6f8   Data          16  bsp.o(.constdata)
    app_buttons                              0x0001b708   Data          32  bsp.o(.constdata)
    .constdata                               0x0001b728   Section       16  ble_nus.o(.constdata)
    .data                                    0x20002000   Section       47  main.o(.data)
    m_sec_params                             0x20002000   Data           5  main.o(.data)
    m_conn_handle                            0x20002006   Data           2  main.o(.data)
    timer_counter                            0x20002008   Data           4  main.o(.data)
    weakup_timer_id                          0x2000200c   Data           4  main.o(.data)
    weakup_flag                              0x20002010   Data           1  main.o(.data)
    cr200_data_index                         0x20002012   Data           2  main.o(.data)
    cr200_stat                               0x20002014   Data           1  main.o(.data)
    month_days                               0x20002016   Data          24  main.o(.data)
    send_ok                                  0x2000202e   Data           1  main.o(.data)
    .data                                    0x20002030   Section       28  bsp.o(.data)
    m_stable_state                           0x20002030   Data           1  bsp.o(.data)
    m_app_ticks_per_100ms                    0x20002034   Data           4  bsp.o(.data)
    m_indication_type                        0x20002038   Data           4  bsp.o(.data)
    m_leds_timer_id                          0x2000203c   Data           4  bsp.o(.data)
    m_alert_timer_id                         0x20002040   Data           4  bsp.o(.data)
    m_registered_callback                    0x20002044   Data           4  bsp.o(.data)
    m_events_list                            0x20002048   Data           4  bsp.o(.data)
    .data                                    0x2000204c   Section        4  system_nrf51.o(.data)
    __tagsym$$used                           0x2000204c   Number         0  system_nrf51.o(.data)
    .data                                    0x20002050   Section       25  ble_conn_params.o(.data)
    m_preferred_conn_params                  0x20002050   Data           8  ble_conn_params.o(.data)
    m_update_count                           0x20002058   Data           1  ble_conn_params.o(.data)
    m_conn_handle                            0x2000205a   Data           2  ble_conn_params.o(.data)
    m_current_conn_params                    0x2000205c   Data           8  ble_conn_params.o(.data)
    m_conn_params_timer_id                   0x20002064   Data           4  ble_conn_params.o(.data)
    m_change_param                           0x20002068   Data           1  ble_conn_params.o(.data)
    .data                                    0x2000206c   Section       12  app_error.o(.data)
    .data                                    0x20002078   Section       12  app_gpiote.o(.data)
    m_enabled_users_mask                     0x20002078   Data           4  app_gpiote.o(.data)
    m_user_array_size                        0x2000207c   Data           1  app_gpiote.o(.data)
    m_user_count                             0x2000207d   Data           1  app_gpiote.o(.data)
    mp_users                                 0x20002080   Data           4  app_gpiote.o(.data)
    .data                                    0x20002084   Section       42  app_timer.o(.data)
    m_node_array_size                        0x20002084   Data           1  app_timer.o(.data)
    mp_nodes                                 0x20002088   Data           4  app_timer.o(.data)
    m_user_array_size                        0x2000208c   Data           1  app_timer.o(.data)
    mp_users                                 0x20002090   Data           4  app_timer.o(.data)
    m_timer_id_head                          0x20002094   Data           4  app_timer.o(.data)
    m_ticks_latest                           0x20002098   Data           4  app_timer.o(.data)
    m_ticks_elapsed                          0x2000209c   Data           8  app_timer.o(.data)
    m_ticks_elapsed_q_read_ind               0x200020a4   Data           1  app_timer.o(.data)
    m_ticks_elapsed_q_write_ind              0x200020a5   Data           1  app_timer.o(.data)
    m_evt_schedule_func                      0x200020a8   Data           4  app_timer.o(.data)
    m_rtc1_running                           0x200020ac   Data           1  app_timer.o(.data)
    m_rtc1_reset                             0x200020ad   Data           1  app_timer.o(.data)
    .data                                    0x200020b0   Section       24  softdevice_handler.o(.data)
    m_evt_schedule_func                      0x200020b0   Data           4  softdevice_handler.o(.data)
    m_softdevice_enabled                     0x200020b4   Data           1  softdevice_handler.o(.data)
    mp_ble_evt_buffer                        0x200020b8   Data           4  softdevice_handler.o(.data)
    m_ble_evt_buffer_size                    0x200020bc   Data           2  softdevice_handler.o(.data)
    m_ble_evt_handler                        0x200020c0   Data           4  softdevice_handler.o(.data)
    m_sys_evt_handler                        0x200020c4   Data           4  softdevice_handler.o(.data)
    .bss                                     0x200020c8   Section     5112  main.o(.bss)
    m_nus                                    0x200020c8   Data          28  main.o(.bss)
    cr200_data                               0x200020e4   Data        4096  main.o(.bss)
    rx_data                                  0x200030e4   Data         256  main.o(.bss)
    s_sec_keyset                             0x200031e4   Data          24  main.o(.bss)
    BLE_EVT_BUFFER                           0x200031fc   Data          72  main.o(.bss)
    APP_TIMER_BUF                            0x20003244   Data         616  main.o(.bss)
    app_gpiote_buf                           0x200034ac   Data          20  main.o(.bss)
    .bss                                     0x200034c0   Section       28  ble_conn_params.o(.bss)
    m_conn_params_config                     0x200034c0   Data          28  ble_conn_params.o(.bss)
    STACK                                    0x200034e0   Section     2048  arm_startup_nrf51.o(STACK)

    Global Symbols

    Symbol Name                              Value     Ov Type        Size  Object(Section)

    BuildAttributes$$THM_ISAv3M$S$PE$A:L22$X:L11$S22$IEEE1$IW$USESV6$~STKCKD$USESV7$~SHL$OSPACE$EBA8$MICROLIB$REQ8$PRES8$EABIv2 0x00000000   Number         0  anon$$obj.o ABSOLUTE
    __ARM_use_no_argv                        0x00000000   Number         0  main.o ABSOLUTE
    __cpp_initialize__aeabi_                  - Undefined Weak Reference
    __cxa_finalize                            - Undefined Weak Reference
    __decompress                              - Undefined Weak Reference
    _clock_init                               - Undefined Weak Reference
    _microlib_exit                            - Undefined Weak Reference
    __Vectors_Size                           0x000000c0   Number         0  arm_startup_nrf51.o ABSOLUTE
    __Vectors                                0x00018000   Data           4  arm_startup_nrf51.o(RESET)
    __Vectors_End                            0x000180c0   Data           0  arm_startup_nrf51.o(RESET)
    __main                                   0x000180c1   Thumb Code     0  entry.o(.ARM.Collect$$$$00000000)
    _main_stk                                0x000180c1   Thumb Code     0  entry2.o(.ARM.Collect$$$$00000001)
    _main_scatterload                        0x000180c5   Thumb Code     0  entry5.o(.ARM.Collect$$$$00000004)
    __main_after_scatterload                 0x000180c9   Thumb Code     0  entry5.o(.ARM.Collect$$$$00000004)
    _main_clock                              0x000180c9   Thumb Code     0  entry7b.o(.ARM.Collect$$$$00000008)
    _main_cpp_init                           0x000180c9   Thumb Code     0  entry8b.o(.ARM.Collect$$$$0000000A)
    _main_init                               0x000180c9   Thumb Code     0  entry9a.o(.ARM.Collect$$$$0000000B)
    __rt_final_cpp                           0x000180d1   Thumb Code     0  entry10a.o(.ARM.Collect$$$$0000000D)
    __rt_final_exit                          0x000180d1   Thumb Code     0  entry11a.o(.ARM.Collect$$$$0000000F)
    __asm___11_nrf_delay_c_532987f3__nrf_delay_us 0x000180d5   Thumb Code    30  nrf_delay.o(.emb_text)
    __asm___13_simple_uart_c_5dda6715__nrf_delay_us 0x000180f5   Thumb Code    30  simple_uart.o(.emb_text)
    __asm___11_app_timer_c_cd27f9c3__nrf_delay_us 0x00018115   Thumb Code    30  app_timer.o(.emb_text)
    Reset_Handler                            0x00018135   Thumb Code    26  arm_startup_nrf51.o(.text)
    NMI_Handler                              0x0001814f   Thumb Code     2  arm_startup_nrf51.o(.text)
    HardFault_Handler                        0x00018151   Thumb Code     2  arm_startup_nrf51.o(.text)
    SVC_Handler                              0x00018153   Thumb Code     2  arm_startup_nrf51.o(.text)
    PendSV_Handler                           0x00018155   Thumb Code     2  arm_startup_nrf51.o(.text)
    SysTick_Handler                          0x00018157   Thumb Code     2  arm_startup_nrf51.o(.text)
    ADC_IRQHandler                           0x00018159   Thumb Code     0  arm_startup_nrf51.o(.text)
    CCM_AAR_IRQHandler                       0x00018159   Thumb Code     0  arm_startup_nrf51.o(.text)
    ECB_IRQHandler                           0x00018159   Thumb Code     0  arm_startup_nrf51.o(.text)
    LPCOMP_IRQHandler                        0x00018159   Thumb Code     0  arm_startup_nrf51.o(.text)
    POWER_CLOCK_IRQHandler                   0x00018159   Thumb Code     0  arm_startup_nrf51.o(.text)
    QDEC_IRQHandler                          0x00018159   Thumb Code     0  arm_startup_nrf51.o(.text)
    RADIO_IRQHandler                         0x00018159   Thumb Code     0  arm_startup_nrf51.o(.text)
    RNG_IRQHandler                           0x00018159   Thumb Code     0  arm_startup_nrf51.o(.text)
    RTC0_IRQHandler                          0x00018159   Thumb Code     0  arm_startup_nrf51.o(.text)
    SPI0_TWI0_IRQHandler                     0x00018159   Thumb Code     0  arm_startup_nrf51.o(.text)
    SPI1_TWI1_IRQHandler                     0x00018159   Thumb Code     0  arm_startup_nrf51.o(.text)
    SWI1_IRQHandler                          0x00018159   Thumb Code     0  arm_startup_nrf51.o(.text)
    SWI3_IRQHandler                          0x00018159   Thumb Code     0  arm_startup_nrf51.o(.text)
    SWI4_IRQHandler                          0x00018159   Thumb Code     0  arm_startup_nrf51.o(.text)
    SWI5_IRQHandler                          0x00018159   Thumb Code     0  arm_startup_nrf51.o(.text)
    TEMP_IRQHandler                          0x00018159   Thumb Code     0  arm_startup_nrf51.o(.text)
    TIMER0_IRQHandler                        0x00018159   Thumb Code     0  arm_startup_nrf51.o(.text)
    TIMER1_IRQHandler                        0x00018159   Thumb Code     0  arm_startup_nrf51.o(.text)
    TIMER2_IRQHandler                        0x00018159   Thumb Code     0  arm_startup_nrf51.o(.text)
    UART0_IRQHandler                         0x00018159   Thumb Code     0  arm_startup_nrf51.o(.text)
    WDT_IRQHandler                           0x00018159   Thumb Code     0  arm_startup_nrf51.o(.text)
    __aeabi_uidiv                            0x0001816d   Thumb Code     0  uidiv.o(.text)
    __aeabi_uidivmod                         0x0001816d   Thumb Code    44  uidiv.o(.text)
    __aeabi_memcpy                           0x00018199   Thumb Code    36  memcpya.o(.text)
    __aeabi_memcpy4                          0x00018199   Thumb Code     0  memcpya.o(.text)
    __aeabi_memcpy8                          0x00018199   Thumb Code     0  memcpya.o(.text)
    __aeabi_memset                           0x000181bd   Thumb Code    14  memseta.o(.text)
    __aeabi_memset4                          0x000181bd   Thumb Code     0  memseta.o(.text)
    __aeabi_memset8                          0x000181bd   Thumb Code     0  memseta.o(.text)
    __aeabi_memclr                           0x000181cb   Thumb Code     4  memseta.o(.text)
    __aeabi_memclr4                          0x000181cb   Thumb Code     0  memseta.o(.text)
    __aeabi_memclr8                          0x000181cb   Thumb Code     0  memseta.o(.text)
    _memset$wrapper                          0x000181cf   Thumb Code    18  memseta.o(.text)
    __scatterload                            0x000181e1   Thumb Code    28  init.o(.text)
    __scatterload_rt2                        0x000181e1   Thumb Code     0  init.o(.text)
    GPIOTE_IRQHandler                        0x00018205   Thumb Code   200  app_gpiote.o(i.GPIOTE_IRQHandler)
    RTC1_IRQHandler                          0x0001840d   Thumb Code    34  app_timer.o(i.RTC1_IRQHandler)
    SWI0_IRQHandler                          0x00018435   Thumb Code     8  app_timer.o(i.SWI0_IRQHandler)
    SWI2_IRQHandler                          0x0001843d   Thumb Code    52  softdevice_handler.o(i.SWI2_IRQHandler)
    SystemInit                               0x000184ad   Thumb Code    38  system_nrf51.o(i.SystemInit)
    __ARM_common_switch8                     0x000184e5   Thumb Code    28  bsp.o(i.__ARM_common_switch8)
    __scatterload_copy                       0x00018501   Thumb Code    14  handlers.o(i.__scatterload_copy)
    __scatterload_null                       0x0001850f   Thumb Code     2  handlers.o(i.__scatterload_null)
    __scatterload_zeroinit                   0x00018511   Thumb Code    14  handlers.o(i.__scatterload_zeroinit)
    app_error_handler                        0x0001873d   Thumb Code    30  app_error.o(i.app_error_handler)
    app_gpiote_init                          0x00018769   Thumb Code   116  app_gpiote.o(i.app_gpiote_init)
    app_timer_create                         0x000187f9   Thumb Code   108  app_timer.o(i.app_timer_create)
    app_timer_init                           0x0001886d   Thumb Code   204  app_timer.o(i.app_timer_init)
    app_timer_start                          0x0001895d   Thumb Code    98  app_timer.o(i.app_timer_start)
    app_timer_stop                           0x000189c9   Thumb Code    60  app_timer.o(i.app_timer_stop)
    battery_start                            0x00018a59   Thumb Code    78  main.o(i.battery_start)
    ble_advdata_set                          0x00018ab9   Thumb Code   122  ble_advdata.o(i.ble_advdata_set)
    ble_conn_params_init                     0x00018b35   Thumb Code    90  ble_conn_params.o(i.ble_conn_params_init)
    ble_conn_params_on_ble_evt               0x00018bad   Thumb Code    62  ble_conn_params.o(i.ble_conn_params_on_ble_evt)
    ble_nus_init                             0x00018c0d   Thumb Code   128  ble_nus.o(i.ble_nus_init)
    ble_nus_on_ble_evt                       0x00018c91   Thumb Code    70  ble_nus.o(i.ble_nus_on_ble_evt)
    ble_nus_string_send                      0x00018cd9   Thumb Code    84  ble_nus.o(i.ble_nus_string_send)
    bsp_buttons_enable                       0x00018e11   Thumb Code   166  bsp.o(i.bsp_buttons_enable)
    bsp_indication_set                       0x00018ebd   Thumb Code    30  bsp.o(i.bsp_indication_set)
    char_hex                                 0x000193cd   Thumb Code    24  main.o(i.char_hex)
    cr200_uart                               0x00019659   Thumb Code   230  main.o(i.cr200_uart)
    gprs_gtm900                              0x0001990d   Thumb Code   802  main.o(i.gprs_gtm900)
    intern_softdevice_events_execute         0x00019e5d   Thumb Code   168  softdevice_handler.o(i.intern_softdevice_events_execute)
    main                                     0x0001a209   Thumb Code   454  main.o(i.main)
    nrf_delay_ms                             0x0001a57d   Thumb Code    24  nrf_delay.o(i.nrf_delay_ms)
    send_string                              0x0001ac1d   Thumb Code   222  main.o(i.send_string)
    send_string_no_answer                    0x0001ad05   Thumb Code    22  main.o(i.send_string_no_answer)
    simple_uart_config                       0x0001ae71   Thumb Code    90  simple_uart.o(i.simple_uart_config)
    simple_uart_get_with_timeout             0x0001aedd   Thumb Code    62  simple_uart.o(i.simple_uart_get_with_timeout)
    simple_uart_put                          0x0001af25   Thumb Code    22  simple_uart.o(i.simple_uart_put)
    softdevice_assertion_handler             0x0001af45   Thumb Code    18  softdevice_handler.o(i.softdevice_assertion_handler)
    softdevice_ble_evt_handler_set           0x0001af59   Thumb Code    18  softdevice_handler.o(i.softdevice_ble_evt_handler_set)
    softdevice_handler_init                  0x0001af71   Thumb Code    84  softdevice_handler.o(i.softdevice_handler_init)
    Region$$Table$$Base                      0x0001b738   Number         0  anon$$obj.o(Region$$Table)
    Region$$Table$$Limit                     0x0001b758   Number         0  anon$$obj.o(Region$$Table)
    SystemCoreClock                          0x2000204c   Data           4  system_nrf51.o(.data)
    m_error_code                             0x2000206c   Data           4  app_error.o(.data)
    m_line_num                               0x20002070   Data           4  app_error.o(.data)
    m_p_file_name                            0x20002074   Data           4  app_error.o(.data)
    __initial_sp                             0x20003ce0   Data           0  arm_startup_nrf51.o(STACK)



==============================================================================

Memory Map of the image

  Image Entry point : 0x000180c1

  Load Region LR_IROM1 (Base: 0x00018000, Size: 0x00003820, Max: 0x00028000, ABSOLUTE)

    Execution Region ER_IROM1 (Base: 0x00018000, Size: 0x00003758, Max: 0x00028000, ABSOLUTE)

    Base Addr    Size         Type   Attr      Idx    E Section Name        Object

    0x00018000   0x000000c0   Data   RO          395    RESET               arm_startup_nrf51.o
    0x000180c0   0x00000000   Code   RO         1229  * .ARM.Collect$$$$00000000  mc_p.l(entry.o)
    0x000180c0   0x00000004   Code   RO         1242    .ARM.Collect$$$$00000001  mc_p.l(entry2.o)
    0x000180c4   0x00000004   Code   RO         1245    .ARM.Collect$$$$00000004  mc_p.l(entry5.o)
    0x000180c8   0x00000000   Code   RO         1247    .ARM.Collect$$$$00000008  mc_p.l(entry7b.o)
    0x000180c8   0x00000000   Code   RO         1249    .ARM.Collect$$$$0000000A  mc_p.l(entry8b.o)
    0x000180c8   0x00000008   Code   RO         1250    .ARM.Collect$$$$0000000B  mc_p.l(entry9a.o)
    0x000180d0   0x00000000   Code   RO         1252    .ARM.Collect$$$$0000000D  mc_p.l(entry10a.o)
    0x000180d0   0x00000000   Code   RO         1254    .ARM.Collect$$$$0000000F  mc_p.l(entry11a.o)
    0x000180d0   0x00000004   Code   RO         1243    .ARM.Collect$$$$00002712  mc_p.l(entry2.o)
    0x000180d4   0x0000001e   Code   RO          683    .emb_text           nrf_delay.o
    0x000180f2   0x00000002   PAD
    0x000180f4   0x0000001e   Code   RO          714    .emb_text           simple_uart.o
    0x00018112   0x00000002   PAD
    0x00018114   0x0000001e   Code   RO          947    .emb_text           app_timer.o
    0x00018132   0x00000002   PAD
    0x00018134   0x00000038   Code   RO          396    .text               arm_startup_nrf51.o
    0x0001816c   0x0000002c   Code   RO         1232    .text               mc_p.l(uidiv.o)
    0x00018198   0x00000024   Code   RO         1234    .text               mc_p.l(memcpya.o)
    0x000181bc   0x00000024   Code   RO         1236    .text               mc_p.l(memseta.o)
    0x000181e0   0x00000024   Code   RO         1256    .text               mc_p.l(init.o)
    0x00018204   0x000000dc   Code   RO          871    i.GPIOTE_IRQHandler  app_gpiote.o
    0x000182e0   0x00000014   Code   RO          948    i.NVIC_ClearPendingIRQ  app_timer.o
    0x000182f4   0x00000014   Code   RO          949    i.NVIC_EnableIRQ    app_timer.o
    0x00018308   0x00000014   Code   RO          950    i.NVIC_SetPendingIRQ  app_timer.o
    0x0001831c   0x00000078   Code   RO          872    i.NVIC_SetPriority  app_gpiote.o
    0x00018394   0x00000078   Code   RO          951    i.NVIC_SetPriority  app_timer.o
    0x0001840c   0x00000028   Code   RO          952    i.RTC1_IRQHandler   app_timer.o
    0x00018434   0x00000008   Code   RO          953    i.SWI0_IRQHandler   app_timer.o
    0x0001843c   0x00000070   Code   RO         1170    i.SWI2_IRQHandler   softdevice_handler.o
    0x000184ac   0x00000038   Code   RO          403    i.SystemInit        system_nrf51.o
    0x000184e4   0x0000001c   Code   RO          375    i.__ARM_common_switch8  bsp.o
    0x00018500   0x0000000e   Code   RO         1260    i.__scatterload_copy  mc_p.l(handlers.o)
    0x0001850e   0x00000002   Code   RO         1261    i.__scatterload_null  mc_p.l(handlers.o)
    0x00018510   0x0000000e   Code   RO         1262    i.__scatterload_zeroinit  mc_p.l(handlers.o)
    0x0001851e   0x00000136   Code   RO          520    i.adv_data_encode   ble_advdata.o
    0x00018654   0x00000014   Code   RO          521    i.advdata_check     ble_advdata.o
    0x00018668   0x00000078   Code   RO            3    i.advertising_init  main.o
    0x000186e0   0x0000005c   Code   RO            4    i.advertising_start  main.o
    0x0001873c   0x0000002c   Code   RO          848    i.app_error_handler  app_error.o
    0x00018768   0x00000090   Code   RO          873    i.app_gpiote_init   app_gpiote.o
    0x000187f8   0x00000074   Code   RO          956    i.app_timer_create  app_timer.o
    0x0001886c   0x000000f0   Code   RO          957    i.app_timer_init    app_timer.o
    0x0001895c   0x0000006c   Code   RO          958    i.app_timer_start   app_timer.o
    0x000189c8   0x00000044   Code   RO          959    i.app_timer_stop    app_timer.o
    0x00018a0c   0x0000004a   Code   RO          522    i.appearance_encode  ble_advdata.o
    0x00018a56   0x00000002   PAD
    0x00018a58   0x00000060   Code   RO            6    i.battery_start     main.o
    0x00018ab8   0x0000007a   Code   RO          523    i.ble_advdata_set   ble_advdata.o
    0x00018b32   0x00000002   PAD
    0x00018b34   0x00000078   Code   RO          604    i.ble_conn_params_init  ble_conn_params.o
    0x00018bac   0x0000003e   Code   RO          605    i.ble_conn_params_on_ble_evt  ble_conn_params.o
    0x00018bea   0x00000002   PAD
    0x00018bec   0x00000020   Code   RO            7    i.ble_evt_dispatch  main.o
    0x00018c0c   0x00000084   Code   RO          442    i.ble_nus_init      ble_nus.o
    0x00018c90   0x00000046   Code   RO          443    i.ble_nus_on_ble_evt  ble_nus.o
    0x00018cd6   0x00000002   PAD
    0x00018cd8   0x00000058   Code   RO          444    i.ble_nus_string_send  ble_nus.o
    0x00018d30   0x00000094   Code   RO            8    i.ble_stack_init    main.o
    0x00018dc4   0x0000004c   Code   RO          302    i.bsp_button_event_handler  bsp.o
    0x00018e10   0x000000ac   Code   RO          304    i.bsp_buttons_enable  bsp.o
    0x00018ebc   0x00000024   Code   RO          307    i.bsp_indication_set  bsp.o
    0x00018ee0   0x000004ec   Code   RO          310    i.bsp_led_indication  bsp.o
    0x000193cc   0x00000018   Code   RO            9    i.char_hex          main.o
    0x000193e4   0x00000090   Code   RO          961    i.compare_reg_update  app_timer.o
    0x00019474   0x0000005c   Code   RO          524    i.conn_int_check    ble_advdata.o
    0x000194d0   0x0000005c   Code   RO          525    i.conn_int_encode   ble_advdata.o
    0x0001952c   0x00000028   Code   RO           10    i.conn_params_error_handler  main.o
    0x00019554   0x00000070   Code   RO           11    i.conn_params_init  main.o
    0x000195c4   0x00000094   Code   RO          607    i.conn_params_negotiation  ble_conn_params.o
    0x00019658   0x000000f0   Code   RO           12    i.cr200_uart        main.o
    0x00019748   0x0000005c   Code   RO          962    i.current_int_priority_get  app_timer.o
    0x000197a4   0x00000064   Code   RO          963    i.elapsed_ticks_acquire  app_timer.o
    0x00019808   0x0000006c   Code   RO          964    i.expired_timers_handler  app_timer.o
    0x00019874   0x00000098   Code   RO           13    i.gap_params_init   main.o
    0x0001990c   0x00000550   Code   RO           14    i.gprs_gtm900       main.o
    0x00019e5c   0x000000f4   Code   RO         1171    i.intern_softdevice_events_execute  softdevice_handler.o
    0x00019f50   0x00000024   Code   RO          608    i.is_conn_params_ok  ble_conn_params.o
    0x00019f74   0x00000038   Code   RO          404    i.is_disabled_in_debug_needed  system_nrf51.o
    0x00019fac   0x0000006c   Code   RO          405    i.is_manual_peripheral_setup_needed  system_nrf51.o
    0x0001a018   0x000000c0   Code   RO          965    i.list_deletions_handler  app_timer.o
    0x0001a0d8   0x00000130   Code   RO          966    i.list_insertions_handler  app_timer.o
    0x0001a208   0x00000274   Code   RO           15    i.main              main.o
    0x0001a47c   0x0000006a   Code   RO          526    i.manuf_specific_data_encode  ble_advdata.o
    0x0001a4e6   0x00000096   Code   RO          527    i.name_encode       ble_advdata.o
    0x0001a57c   0x0000001c   Code   RO          684    i.nrf_delay_ms      nrf_delay.o
    0x0001a598   0x00000014   Code   RO          715    i.nrf_gpio_cfg_input  simple_uart.o
    0x0001a5ac   0x00000012   Code   RO          716    i.nrf_gpio_cfg_output  simple_uart.o
    0x0001a5be   0x00000002   PAD
    0x0001a5c0   0x00000010   Code   RO           16    i.nrf_gpio_pin_clear  main.o
    0x0001a5d0   0x00000010   Code   RO           17    i.nrf_gpio_pin_set  main.o
    0x0001a5e0   0x000000c8   Code   RO           18    i.nus_data_handler  main.o
    0x0001a6a8   0x000001c8   Code   RO           19    i.on_ble_evt        main.o
    0x0001a870   0x00000044   Code   RO           20    i.on_conn_params_evt  main.o
    0x0001a8b4   0x00000018   Code   RO          609    i.on_conn_params_update  ble_conn_params.o
    0x0001a8cc   0x00000006   Code   RO          445    i.on_connect        ble_nus.o
    0x0001a8d2   0x00000002   PAD
    0x0001a8d4   0x0000003c   Code   RO          610    i.on_connect        ble_conn_params.o
    0x0001a910   0x00000008   Code   RO          446    i.on_disconnect     ble_nus.o
    0x0001a918   0x00000044   Code   RO          611    i.on_disconnect     ble_conn_params.o
    0x0001a95c   0x00000054   Code   RO          447    i.on_write          ble_nus.o
    0x0001a9b0   0x0000005c   Code   RO          612    i.on_write          ble_conn_params.o
    0x0001aa0c   0x00000034   Code   RO           21    i.power_manage      main.o
    0x0001aa40   0x0000000c   Code   RO          967    i.rtc1_counter_get  app_timer.o
    0x0001aa4c   0x00000018   Code   RO          968    i.rtc1_init         app_timer.o
    0x0001aa64   0x0000003c   Code   RO          969    i.rtc1_start        app_timer.o
    0x0001aaa0   0x00000058   Code   RO          970    i.rtc1_stop         app_timer.o
    0x0001aaf8   0x00000124   Code   RO          448    i.rx_char_add       ble_nus.o
    0x0001ac1c   0x000000e8   Code   RO           23    i.send_string       main.o
    0x0001ad04   0x00000016   Code   RO           24    i.send_string_no_answer  main.o
    0x0001ad1a   0x00000080   Code   RO          879    i.sense_level_toggle  app_gpiote.o
    0x0001ad9a   0x0000008c   Code   RO          528    i.service_data_encode  ble_advdata.o
    0x0001ae26   0x00000002   PAD
    0x0001ae28   0x00000048   Code   RO           25    i.services_init     main.o
    0x0001ae70   0x0000006c   Code   RO          717    i.simple_uart_config  simple_uart.o
    0x0001aedc   0x00000048   Code   RO          719    i.simple_uart_get_with_timeout  simple_uart.o
    0x0001af24   0x00000020   Code   RO          720    i.simple_uart_put   simple_uart.o
    0x0001af44   0x00000012   Code   RO         1172    i.softdevice_assertion_handler  softdevice_handler.o
    0x0001af56   0x00000002   PAD
    0x0001af58   0x00000018   Code   RO         1173    i.softdevice_ble_evt_handler_set  softdevice_handler.o
    0x0001af70   0x00000068   Code   RO         1174    i.softdevice_handler_init  softdevice_handler.o
    0x0001afd8   0x00000010   Code   RO          529    i.srdata_check      ble_advdata.o
    0x0001afe8   0x0000000a   Code   RO          971    i.ticks_diff_get    app_timer.o
    0x0001aff2   0x00000002   PAD
    0x0001aff4   0x0000006c   Code   RO          972    i.timeout_handler_exec  app_timer.o
    0x0001b060   0x00000058   Code   RO          973    i.timer_list_handler  app_timer.o
    0x0001b0b8   0x0000000a   Code   RO          974    i.timer_list_handler_sched  app_timer.o
    0x0001b0c2   0x00000002   PAD
    0x0001b0c4   0x000000dc   Code   RO          975    i.timer_list_insert  app_timer.o
    0x0001b1a0   0x000000cc   Code   RO          976    i.timer_list_remove  app_timer.o
    0x0001b26c   0x00000054   Code   RO          977    i.timer_start_op_schedule  app_timer.o
    0x0001b2c0   0x00000040   Code   RO          979    i.timer_stop_op_schedule  app_timer.o
    0x0001b300   0x0000009c   Code   RO          980    i.timer_timeouts_check  app_timer.o
    0x0001b39c   0x0000000a   Code   RO          981    i.timer_timeouts_check_sched  app_timer.o
    0x0001b3a6   0x000000de   Code   RO          449    i.tx_char_add       ble_nus.o
    0x0001b484   0x00000030   Code   RO          530    i.tx_power_level_encode  ble_advdata.o
    0x0001b4b4   0x00000012   Code   RO          531    i.uint16_encode     ble_advdata.o
    0x0001b4c6   0x00000002   PAD
    0x0001b4c8   0x0000009c   Code   RO          613    i.update_timeout_handler  ble_conn_params.o
    0x0001b564   0x00000022   Code   RO          982    i.user_id_get       app_timer.o
    0x0001b586   0x0000002c   Code   RO          983    i.user_op_alloc     app_timer.o
    0x0001b5b2   0x00000004   Code   RO          984    i.user_op_enque     app_timer.o
    0x0001b5b6   0x00000040   Code   RO          532    i.uuid_list_encode  ble_advdata.o
    0x0001b5f6   0x000000c4   Code   RO          533    i.uuid_list_sized_encode  ble_advdata.o
    0x0001b6ba   0x00000002   PAD
    0x0001b6bc   0x00000038   Code   RO           26    i.weakup_timeout_handler  main.o
    0x0001b6f4   0x00000004   Data   RO           28    .constdata          main.o
    0x0001b6f8   0x00000030   Data   RO          312    .constdata          bsp.o
    0x0001b728   0x00000010   Data   RO          450    .constdata          ble_nus.o
    0x0001b738   0x00000020   Data   RO         1258    Region$$Table       anon$$obj.o


    Execution Region RW_IRAM1 (Base: 0x20002000, Size: 0x00001ce0, Max: 0x00002000, ABSOLUTE)

    Base Addr    Size         Type   Attr      Idx    E Section Name        Object

    0x20002000   0x0000002f   Data   RW           29    .data               main.o
    0x2000202f   0x00000001   PAD
    0x20002030   0x0000001c   Data   RW          313    .data               bsp.o
    0x2000204c   0x00000004   Data   RW          406    .data               system_nrf51.o
    0x20002050   0x00000019   Data   RW          615    .data               ble_conn_params.o
    0x20002069   0x00000003   PAD
    0x2000206c   0x0000000c   Data   RW          849    .data               app_error.o
    0x20002078   0x0000000c   Data   RW          880    .data               app_gpiote.o
    0x20002084   0x0000002a   Data   RW          985    .data               app_timer.o
    0x200020ae   0x00000002   PAD
    0x200020b0   0x00000018   Data   RW         1177    .data               softdevice_handler.o
    0x200020c8   0x000013f8   Zero   RW           27    .bss                main.o
    0x200034c0   0x0000001c   Zero   RW          614    .bss                ble_conn_params.o
    0x200034dc   0x00000004   PAD
    0x200034e0   0x00000800   Zero   RW          393    STACK               arm_startup_nrf51.o


==============================================================================

Image component sizes


      Code (inc. data)   RO Data    RW Data    ZI Data      Debug   Object Name

         0          0          0          0          0       2708   app_button.o
        44         14          0         12          0       1608   app_error.o
       612         58          0         12          0      11658   app_gpiote.o
      2950        362          0         42          0      32219   app_timer.o
        56         18        192          0       2048        656   arm_startup_nrf51.o
      1448          4          0          0          0      14022   ble_advdata.o
       766        126          0         25         28       8060   ble_conn_params.o
       902          8         16          0          0      13278   ble_nus.o
      1572         82         48         28          0       8542   bsp.o
      4234       1056          4         47       5112      88131   main.o
        58          4          0          0          0       1583   nrf_delay.o
       280         38          0          0          0       6170   simple_uart.o
       502        162          0         24          0       5163   softdevice_handler.o
       220         26          0          4          0       1819   system_nrf51.o

    ----------------------------------------------------------------------
     13674       1958        292        200       7192     195617   Object Totals
         0          0         32          0          0          0   (incl. Generated)
        30          0          0          6          4          0   (incl. Padding)

    ----------------------------------------------------------------------

      Code (inc. data)   RO Data    RW Data    ZI Data      Debug   Library Member Name

         0          0          0          0          0          0   entry.o
         0          0          0          0          0          0   entry10a.o
         0          0          0          0          0          0   entry11a.o
         8          4          0          0          0          0   entry2.o
         4          0          0          0          0          0   entry5.o
         0          0          0          0          0          0   entry7b.o
         0          0          0          0          0          0   entry8b.o
         8          4          0          0          0          0   entry9a.o
        30          0          0          0          0          0   handlers.o
        36          8          0          0          0         68   init.o
        36          0          0          0          0         60   memcpya.o
        36          0          0          0          0        100   memseta.o
        44          0          0          0          0         72   uidiv.o

    ----------------------------------------------------------------------
       202         16          0          0          0        300   Library Totals
         0          0          0          0          0          0   (incl. Padding)

    ----------------------------------------------------------------------

      Code (inc. data)   RO Data    RW Data    ZI Data      Debug   Library Name

       202         16          0          0          0        300   mc_p.l

    ----------------------------------------------------------------------
       202         16          0          0          0        300   Library Totals

    ----------------------------------------------------------------------

==============================================================================


      Code (inc. data)   RO Data    RW Data    ZI Data      Debug   

     13876       1974        292        200       7192     191117   Grand Totals
     13876       1974        292        200       7192     191117   ELF Image Totals
     13876       1974        292        200          0          0   ROM Totals

==============================================================================

    Total RO  Size (Code + RO Data)                14168 (  13.84kB)
    Total RW  Size (RW Data + ZI Data)              7392 (   7.22kB)
    Total ROM Size (Code + RO Data + RW Data)      14368 (  14.03kB)

==============================================================================

